Component: ARM Compiler 5.06 update 6 (build 750) Tool: armlink [4d35ed]

==============================================================================

Section Cross References

    startup_stm32f446xx.o(RESET) refers to startup_stm32f446xx.o(STACK) for __initial_sp
    startup_stm32f446xx.o(RESET) refers to startup_stm32f446xx.o(.text) for Reset_Handler
    startup_stm32f446xx.o(RESET) refers to stm32fxxx_it.o(.text) for NMI_Handler
    startup_stm32f446xx.o(RESET) refers to tm_stm32_rtc.o(.text) for RTC_WKUP_IRQHandler
    startup_stm32f446xx.o(RESET) refers to tc.o(.text) for EXTI1_IRQHandler
    startup_stm32f446xx.o(RESET) refers to tm_stm32_usb.o(.text) for OTG_FS_IRQHandler
    startup_stm32f446xx.o(.text) refers to system_stm32f4xx.o(.text) for SystemInit
    startup_stm32f446xx.o(.text) refers to entry.o(.ARM.Collect$$$$00000000) for __main
    stm32f4xx_hal.o(.text) refers to stm32f4xx_hal_rcc.o(.text) for HAL_RCC_GetHCLKFreq
    stm32f4xx_hal.o(.text) refers to stm32f4xx_hal_cortex.o(.text) for HAL_SYSTICK_Config
    stm32f4xx_hal.o(.text) refers to stm32f4xx_hal_msp.o(.text) for HAL_MspInit
    stm32f4xx_hal.o(.text) refers to tm_stm32_delay.o(.text) for HAL_GetTick
    stm32f4xx_hal.o(.text) refers to stm32f4xx_hal.o(.data) for .data
    stm32f4xx_hal_can.o(.text) refers to stm32f4xx_hal_msp.o(.text) for HAL_CAN_MspInit
    stm32f4xx_hal_can.o(.text) refers to tm_stm32_delay.o(.text) for HAL_GetTick
    stm32f4xx_hal_dma.o(.text) refers to tm_stm32_delay.o(.text) for HAL_GetTick
    stm32f4xx_hal_dma.o(.text) refers to stm32f4xx_hal_dma.o(.constdata) for .constdata
    stm32f4xx_hal_hcd.o(.text) refers to usbh_conf.o(.text) for HAL_HCD_MspInit
    stm32f4xx_hal_hcd.o(.text) refers to stm32f4xx_ll_usb.o(.text) for USB_DisableGlobalInt
    stm32f4xx_hal_i2c.o(.text) refers to stm32f4xx_hal_rcc.o(.text) for HAL_RCC_GetPCLK1Freq
    stm32f4xx_hal_i2c.o(.text) refers to tm_stm32_delay.o(.text) for HAL_GetTick
    stm32f4xx_hal_i2c.o(.text) refers to stm32f4xx_hal_dma.o(.text) for HAL_DMA_Start_IT
    stm32f4xx_hal_pwr_ex.o(.text) refers to tm_stm32_delay.o(.text) for HAL_GetTick
    stm32f4xx_hal_rcc.o(.text) refers to tm_stm32_delay.o(.text) for HAL_GetTick
    stm32f4xx_hal_rcc.o(.text) refers to stm32f4xx_hal.o(.text) for HAL_InitTick
    stm32f4xx_hal_rcc.o(.text) refers to stm32f4xx_hal_gpio.o(.text) for HAL_GPIO_Init
    stm32f4xx_hal_rcc.o(.text) refers to stm32f4xx_hal_rcc_ex.o(.text) for HAL_RCC_GetSysClockFreq
    stm32f4xx_hal_rcc.o(.text) refers to stm32f4xx_hal_rcc.o(.constdata) for .constdata
    stm32f4xx_hal_rcc.o(.text) refers to system_stm32f4xx.o(.data) for SystemCoreClock
    stm32f4xx_hal_rcc_ex.o(.text) refers to tm_stm32_delay.o(.text) for HAL_GetTick
    stm32f4xx_hal_rtc.o(.text) refers to tm_stm32_delay.o(.text) for HAL_GetTick
    stm32f4xx_hal_rtc.o(.text) refers to stm32f4xx_hal_rtc_ex.o(.text) for HAL_RTCEx_AlarmBEventCallback
    stm32f4xx_hal_rtc_ex.o(.text) refers to stm32f4xx_hal_rtc.o(.text) for RTC_Bcd2ToByte
    stm32f4xx_hal_rtc_ex.o(.text) refers to tm_stm32_delay.o(.text) for HAL_GetTick
    stm32f4xx_hal_tim.o(.text) refers to stm32f4xx_hal_msp.o(.text) for HAL_TIM_Base_MspInit
    stm32f4xx_hal_tim.o(.text) refers to stm32f4xx_hal_dma.o(.text) for HAL_DMA_Start_IT
    stm32f4xx_hal_tim.o(.text) refers to stm32f4xx_hal_tim_ex.o(.text) for HAL_TIMEx_BreakCallback
    stm32f4xx_hal_tim_ex.o(.text) refers to stm32f4xx_hal_tim.o(.text) for TIM_Base_SetConfig
    stm32f4xx_hal_tim_ex.o(.text) refers to stm32f4xx_hal_dma.o(.text) for HAL_DMA_Start_IT
    stm32f4xx_hal_uart.o(.text) refers to stm32f4xx_hal_rcc.o(.text) for HAL_RCC_GetPCLK2Freq
    stm32f4xx_hal_uart.o(.text) refers to stm32f4xx_hal_msp.o(.text) for HAL_UART_MspInit
    stm32f4xx_hal_uart.o(.text) refers to tm_stm32_delay.o(.text) for HAL_GetTick
    stm32f4xx_hal_uart.o(.text) refers to stm32f4xx_hal_dma.o(.text) for HAL_DMA_Start_IT
    stm32f4xx_hal_usart.o(.text) refers to stm32f4xx_hal_rcc.o(.text) for HAL_RCC_GetPCLK1Freq
    stm32f4xx_hal_usart.o(.text) refers to tm_stm32_delay.o(.text) for HAL_GetTick
    stm32f4xx_hal_usart.o(.text) refers to stm32f4xx_hal_dma.o(.text) for HAL_DMA_Start_IT
    stm32f4xx_ll_usb.o(.text) refers to tm_stm32_delay.o(.text) for HAL_Delay
    stm32f4xx_ll_usb.o(.text) refers to stm32f4xx_ll_usb.o(.data) for .data
    stm32f4xx_hal_spi.o(.text) refers to tm_stm32_delay.o(.text) for HAL_GetTick
    stm32f4xx_hal_spi.o(.text) refers to stm32f4xx_hal_dma.o(.text) for HAL_DMA_Start_IT
    stm32f4xx_hal_sd.o(.text) refers to stm32f4xx_ll_sdmmc.o(.text) for SDIO_GetCommandResponse
    stm32f4xx_hal_sd.o(.text) refers to tm_stm32_delay.o(.text) for HAL_Delay
    stm32f4xx_hal_sd.o(.text) refers to stm32f4xx_hal_dma.o(.text) for HAL_DMA_Abort
    stm32f4xx_hal_sdram.o(.text) refers to stm32f4xx_ll_fmc.o(.text) for FMC_SDRAM_Init
    stm32f4xx_hal_sdram.o(.text) refers to stm32f4xx_hal_dma.o(.text) for HAL_DMA_Start_IT
[...]
    HAL_TIM_OC_Init                          0x08005a0f   Thumb Code    54  stm32f4xx_hal_tim.o(.text)
    HAL_TIM_OC_MspDeInit                     0x08005a45   Thumb Code     2  stm32f4xx_hal_tim.o(.text)
    HAL_TIM_OC_DeInit                        0x08005a47   Thumb Code    56  stm32f4xx_hal_tim.o(.text)
    TIM_CCxChannelCmd                        0x08005a7f   Thumb Code    26  stm32f4xx_hal_tim.o(.text)
    HAL_TIM_OC_Start                         0x08005a99   Thumb Code    56  stm32f4xx_hal_tim.o(.text)
    HAL_TIM_OC_Stop                          0x08005ad1   Thumb Code    86  stm32f4xx_hal_tim.o(.text)
    HAL_TIM_OC_Start_IT                      0x08005b27   Thumb Code   134  stm32f4xx_hal_tim.o(.text)
    HAL_TIM_OC_Stop_IT                       0x08005bad   Thumb Code   138  stm32f4xx_hal_tim.o(.text)
    HAL_TIM_PWM_PulseFinishedCallback        0x08005c37   Thumb Code     2  stm32f4xx_hal_tim.o(.text)
    TIM_DMADelayPulseCplt                    0x08005c39   Thumb Code    66  stm32f4xx_hal_tim.o(.text)
    HAL_TIM_OC_Start_DMA                     0x08005c7b   Thumb Code   252  stm32f4xx_hal_tim.o(.text)
    HAL_TIM_OC_Stop_DMA                      0x08005d77   Thumb Code   144  stm32f4xx_hal_tim.o(.text)
    HAL_TIM_PWM_MspInit                      0x08005e07   Thumb Code     2  stm32f4xx_hal_tim.o(.text)
    HAL_TIM_PWM_Init                         0x08005e09   Thumb Code    54  stm32f4xx_hal_tim.o(.text)
    HAL_TIM_PWM_MspDeInit                    0x08005e3f   Thumb Code     2  stm32f4xx_hal_tim.o(.text)
    HAL_TIM_PWM_DeInit                       0x08005e41   Thumb Code    56  stm32f4xx_hal_tim.o(.text)
    HAL_TIM_PWM_Start                        0x08005e79   Thumb Code    56  stm32f4xx_hal_tim.o(.text)
    HAL_TIM_PWM_Stop                         0x08005eb1   Thumb Code    92  stm32f4xx_hal_tim.o(.text)
    HAL_TIM_PWM_Start_IT                     0x08005f0d   Thumb Code   108  stm32f4xx_hal_tim.o(.text)
    HAL_TIM_PWM_Stop_IT                      0x08005f79   Thumb Code   138  stm32f4xx_hal_tim.o(.text)
    HAL_TIM_PWM_Start_DMA                    0x08006003   Thumb Code   252  stm32f4xx_hal_tim.o(.text)
    HAL_TIM_PWM_Stop_DMA                     0x080060ff   Thumb Code   144  stm32f4xx_hal_tim.o(.text)
    HAL_TIM_IC_Init                          0x08006191   Thumb Code    54  stm32f4xx_hal_tim.o(.text)
    HAL_TIM_IC_DeInit                        0x080061c9   Thumb Code    56  stm32f4xx_hal_tim.o(.text)
    HAL_TIM_IC_Start                         0x08006201   Thumb Code    26  stm32f4xx_hal_tim.o(.text)
    HAL_TIM_IC_Stop                          0x0800621b   Thumb Code    44  stm32f4xx_hal_tim.o(.text)
    HAL_TIM_IC_Start_IT                      0x08006247   Thumb Code    78  stm32f4xx_hal_tim.o(.text)
    HAL_TIM_IC_Stop_IT                       0x08006295   Thumb Code    96  stm32f4xx_hal_tim.o(.text)
    HAL_TIM_IC_CaptureCallback               0x080062f5   Thumb Code     2  stm32f4xx_hal_tim.o(.text)
    TIM_DMACaptureCplt                       0x080062f7   Thumb Code    66  stm32f4xx_hal_tim.o(.text)
    HAL_TIM_IC_Start_DMA                     0x08006339   Thumb Code   216  stm32f4xx_hal_tim.o(.text)
    HAL_TIM_IC_Stop_DMA                      0x08006411   Thumb Code   102  stm32f4xx_hal_tim.o(.text)
    HAL_TIM_OnePulse_MspInit                 0x08006477   Thumb Code     2  stm32f4xx_hal_tim.o(.text)
    HAL_TIM_OnePulse_Init                    0x08006479   Thumb Code    74  stm32f4xx_hal_tim.o(.text)
    HAL_TIM_OnePulse_MspDeInit               0x080064c3   Thumb Code     2  stm32f4xx_hal_tim.o(.text)
    HAL_TIM_OnePulse_DeInit                  0x080064c5   Thumb Code    56  stm32f4xx_hal_tim.o(.text)
    HAL_TIM_OnePulse_Start                   0x080064fd   Thumb Code    58  stm32f4xx_hal_tim.o(.text)
    HAL_TIM_OnePulse_Stop                    0x08006537   Thumb Code    98  stm32f4xx_hal_tim.o(.text)
    HAL_TIM_OnePulse_Start_IT                0x08006599   Thumb Code    78  stm32f4xx_hal_tim.o(.text)
    HAL_TIM_OnePulse_Stop_IT                 0x080065e7   Thumb Code   118  stm32f4xx_hal_tim.o(.text)
    HAL_TIM_Encoder_MspInit                  0x0800665d   Thumb Code     2  stm32f4xx_hal_tim.o(.text)
    HAL_TIM_Encoder_Init                     0x0800665f   Thumb Code   172  stm32f4xx_hal_tim.o(.text)
    HAL_TIM_Encoder_MspDeInit                0x0800670b   Thumb Code     2  stm32f4xx_hal_tim.o(.text)
    HAL_TIM_Encoder_DeInit                   0x0800670d   Thumb Code    56  stm32f4xx_hal_tim.o(.text)
    HAL_TIM_Encoder_Start                    0x08006745   Thumb Code    58  stm32f4xx_hal_tim.o(.text)
    HAL_TIM_Encoder_Stop                     0x0800677f   Thumb Code    78  stm32f4xx_hal_tim.o(.text)
    HAL_TIM_Encoder_Start_IT                 0x080067cd   Thumb Code   102  stm32f4xx_hal_tim.o(.text)
    HAL_TIM_Encoder_Stop_IT                  0x08006833   Thumb Code   126  stm32f4xx_hal_tim.o(.text)
    HAL_TIM_Encoder_Start_DMA                0x080068b1   Thumb Code   284  stm32f4xx_hal_tim.o(.text)
    HAL_TIM_Encoder_Stop_DMA                 0x080069cd   Thumb Code   126  stm32f4xx_hal_tim.o(.text)
    HAL_TIM_TriggerCallback                  0x08006a4b   Thumb Code     2  stm32f4xx_hal_tim.o(.text)
    HAL_TIM_OC_DelayElapsedCallback          0x08006a4d   Thumb Code     2  stm32f4xx_hal_tim.o(.text)
    HAL_TIM_IRQHandler                       0x08006a4f   Thumb Code   364  stm32f4xx_hal_tim.o(.text)
    TIM_OC2_SetConfig                        0x08006bbb   Thumb Code   104  stm32f4xx_hal_tim.o(.text)
    HAL_TIM_OC_ConfigChannel                 0x08006c23   Thumb Code   250  stm32f4xx_hal_tim.o(.text)
    TIM_TI1_SetConfig                        0x08006d1d   Thumb Code   144  stm32f4xx_hal_tim.o(.text)
    HAL_TIM_IC_ConfigChannel                 0x08006dad   Thumb Code   344  stm32f4xx_hal_tim.o(.text)
    HAL_TIM_PWM_ConfigChannel                0x08006f05   Thumb Code   386  stm32f4xx_hal_tim.o(.text)
    HAL_TIM_OnePulse_ConfigChannel           0x08007087   Thumb Code   294  stm32f4xx_hal_tim.o(.text)
    HAL_TIM_DMABurst_WriteStart              0x080071bd   Thumb Code   312  stm32f4xx_hal_tim.o(.text)
    HAL_TIM_DMABurst_WriteStop               0x080072f5   Thumb Code   100  stm32f4xx_hal_tim.o(.text)
    HAL_TIM_DMABurst_ReadStart               0x08007359   Thumb Code   312  stm32f4xx_hal_tim.o(.text)
    HAL_TIM_DMABurst_ReadStop                0x08007491   Thumb Code   100  stm32f4xx_hal_tim.o(.text)
    HAL_TIM_GenerateEvent                    0x080074f5   Thumb Code    38  stm32f4xx_hal_tim.o(.text)
    HAL_TIM_ConfigOCrefClear                 0x0800751b   Thumb Code   174  stm32f4xx_hal_tim.o(.text)
    HAL_TIM_ConfigClockSource                0x080075c9   Thumb Code   468  stm32f4xx_hal_tim.o(.text)
    HAL_TIM_ConfigTI1Input                   0x0800779d   Thumb Code    16  stm32f4xx_hal_tim.o(.text)
    HAL_TIM_SlaveConfigSynchronization       0x08007885   Thumb Code    66  stm32f4xx_hal_tim.o(.text)
    HAL_TIM_SlaveConfigSynchronization_IT    0x080078c7   Thumb Code    66  stm32f4xx_hal_tim.o(.text)
    HAL_TIM_ReadCapturedValue                0x08007909   Thumb Code    68  stm32f4xx_hal_tim.o(.text)
    HAL_TIM_Base_GetState                    0x0800794d   Thumb Code     6  stm32f4xx_hal_tim.o(.text)
    HAL_TIM_OC_GetState                      0x08007953   Thumb Code     6  stm32f4xx_hal_tim.o(.text)
    HAL_TIM_PWM_GetState                     0x08007959   Thumb Code     6  stm32f4xx_hal_tim.o(.text)
    HAL_TIM_IC_GetState                      0x0800795f   Thumb Code     6  stm32f4xx_hal_tim.o(.text)
    HAL_TIM_OnePulse_GetState                0x08007965   Thumb Code     6  stm32f4xx_hal_tim.o(.text)
    HAL_TIM_Encoder_GetState                 0x0800796b   Thumb Code     6  stm32f4xx_hal_tim.o(.text)
    HAL_TIMEx_HallSensor_MspInit             0x080079d1   Thumb Code     2  stm32f4xx_hal_tim_ex.o(.text)
    HAL_TIMEx_HallSensor_Init                0x080079d3   Thumb Code   178  stm32f4xx_hal_tim_ex.o(.text)
    HAL_TIMEx_HallSensor_MspDeInit           0x08007a85   Thumb Code     2  stm32f4xx_hal_tim_ex.o(.text)
    HAL_TIMEx_HallSensor_DeInit              0x08007a87   Thumb Code    56  stm32f4xx_hal_tim_ex.o(.text)
    HAL_TIMEx_HallSensor_Start               0x08007abf   Thumb Code    28  stm32f4xx_hal_tim_ex.o(.text)
    HAL_TIMEx_HallSensor_Stop                0x08007adb   Thumb Code    46  stm32f4xx_hal_tim_ex.o(.text)
    HAL_TIMEx_HallSensor_Start_IT            0x08007b09   Thumb Code    38  stm32f4xx_hal_tim_ex.o(.text)
    HAL_TIMEx_HallSensor_Stop_IT             0x08007b2f   Thumb Code    56  stm32f4xx_hal_tim_ex.o(.text)
    HAL_TIMEx_HallSensor_Start_DMA           0x08007b67   Thumb Code   104  stm32f4xx_hal_tim_ex.o(.text)
    HAL_TIMEx_HallSensor_Stop_DMA            0x08007bcf   Thumb Code    56  stm32f4xx_hal_tim_ex.o(.text)
    HAL_TIMEx_OCN_Start                      0x08007c07   Thumb Code    36  stm32f4xx_hal_tim_ex.o(.text)
    HAL_TIMEx_OCN_Stop                       0x08007c2b   Thumb Code    68  stm32f4xx_hal_tim_ex.o(.text)
    HAL_TIMEx_OCN_Start_IT                   0x08007c6f   Thumb Code    98  stm32f4xx_hal_tim_ex.o(.text)
    HAL_TIMEx_OCN_Stop_IT                    0x08007cd1   Thumb Code   136  stm32f4xx_hal_tim_ex.o(.text)
    HAL_TIMEx_OCN_Start_DMA                  0x08007d59   Thumb Code   228  stm32f4xx_hal_tim_ex.o(.text)
    HAL_TIMEx_OCN_Stop_DMA                   0x08007e3d   Thumb Code   126  stm32f4xx_hal_tim_ex.o(.text)
    HAL_TIMEx_PWMN_Start                     0x08007ebb   Thumb Code    36  stm32f4xx_hal_tim_ex.o(.text)
    HAL_TIMEx_PWMN_Stop                      0x08007edf   Thumb Code    68  stm32f4xx_hal_tim_ex.o(.text)
    HAL_TIMEx_PWMN_Start_IT                  0x08007f23   Thumb Code   110  stm32f4xx_hal_tim_ex.o(.text)
    HAL_TIMEx_PWMN_Stop_IT                   0x08007f91   Thumb Code   136  stm32f4xx_hal_tim_ex.o(.text)
    HAL_TIMEx_PWMN_Start_DMA                 0x08008019   Thumb Code   228  stm32f4xx_hal_tim_ex.o(.text)
    HAL_TIMEx_PWMN_Stop_DMA                  0x080080fd   Thumb Code   126  stm32f4xx_hal_tim_ex.o(.text)
    HAL_TIMEx_OnePulseN_Start                0x0800817b   Thumb Code    26  stm32f4xx_hal_tim_ex.o(.text)
    HAL_TIMEx_OnePulseN_Stop                 0x08008195   Thumb Code    68  stm32f4xx_hal_tim_ex.o(.text)
    HAL_TIMEx_OnePulseN_Start_IT             0x080081d9   Thumb Code    46  stm32f4xx_hal_tim_ex.o(.text)
    HAL_TIMEx_OnePulseN_Stop_IT              0x08008207   Thumb Code    88  stm32f4xx_hal_tim_ex.o(.text)
    HAL_TIMEx_ConfigCommutationEvent         0x0800825f   Thumb Code   102  stm32f4xx_hal_tim_ex.o(.text)
    HAL_TIMEx_ConfigCommutationEvent_IT      0x080082c5   Thumb Code   112  stm32f4xx_hal_tim_ex.o(.text)
    HAL_TIMEx_CommutationCallback            0x08008335   Thumb Code     2  stm32f4xx_hal_tim_ex.o(.text)
    TIMEx_DMACommutationCplt                 0x08008337   Thumb Code    16  stm32f4xx_hal_tim_ex.o(.text)
    HAL_TIMEx_ConfigCommutationEvent_DMA     0x08008347   Thumb Code   126  stm32f4xx_hal_tim_ex.o(.text)
    HAL_TIMEx_MasterConfigSynchronization    0x080083c5   Thumb Code   108  stm32f4xx_hal_tim_ex.o(.text)
    HAL_TIMEx_ConfigBreakDeadTime            0x08008431   Thumb Code    86  stm32f4xx_hal_tim_ex.o(.text)
    HAL_TIMEx_RemapConfig                    0x08008487   Thumb Code    32  stm32f4xx_hal_tim_ex.o(.text)
    HAL_TIMEx_BreakCallback                  0x080084a7   Thumb Code     2  stm32f4xx_hal_tim_ex.o(.text)
    HAL_TIMEx_HallSensor_GetState            0x080084a9   Thumb Code     6  stm32f4xx_hal_tim_ex.o(.text)
    HAL_USART_MspInit                        0x080084c9   Thumb Code     2  stm32f4xx_hal_usart.o(.text)
    HAL_USART_Init                           0x080084cb   Thumb Code   398  stm32f4xx_hal_usart.o(.text)
    HAL_USART_MspDeInit                      0x08008659   Thumb Code     2  stm32f4xx_hal_usart.o(.text)
    HAL_USART_DeInit                         0x0800865b   Thumb Code    48  stm32f4xx_hal_usart.o(.text)
    HAL_USART_Transmit                       0x08008731   Thumb Code   178  stm32f4xx_hal_usart.o(.text)
    HAL_USART_Receive                        0x080087e3   Thumb Code   232  stm32f4xx_hal_usart.o(.text)
    HAL_USART_TransmitReceive                0x080088cb   Thumb Code   270  stm32f4xx_hal_usart.o(.text)
    HAL_USART_Transmit_IT                    0x080089d9   Thumb Code    64  stm32f4xx_hal_usart.o(.text)
    HAL_USART_Receive_IT                     0x08008a19   Thumb Code    92  stm32f4xx_hal_usart.o(.text)
    HAL_USART_TransmitReceive_IT             0x08008a75   Thumb Code   106  stm32f4xx_hal_usart.o(.text)
    HAL_USART_ErrorCallback                  0x08008adf   Thumb Code     2  stm32f4xx_hal_usart.o(.text)
    HAL_USART_TxHalfCpltCallback             0x08008aff   Thumb Code     2  stm32f4xx_hal_usart.o(.text)
    HAL_USART_TxCpltCallback                 0x08008b0b   Thumb Code     2  stm32f4xx_hal_usart.o(.text)
    HAL_USART_Transmit_DMA                   0x08008b4f   Thumb Code   124  stm32f4xx_hal_usart.o(.text)
    HAL_USART_RxHalfCpltCallback             0x08008bcb   Thumb Code     2  stm32f4xx_hal_usart.o(.text)
    HAL_USART_TxRxCpltCallback               0x08008bd7   Thumb Code     2  stm32f4xx_hal_usart.o(.text)
    HAL_USART_RxCpltCallback                 0x08008bd9   Thumb Code     2  stm32f4xx_hal_usart.o(.text)
    HAL_USART_Receive_DMA                    0x08008c35   Thumb Code   148  stm32f4xx_hal_usart.o(.text)
    HAL_USART_TransmitReceive_DMA            0x08008cc9   Thumb Code   178  stm32f4xx_hal_usart.o(.text)
    HAL_USART_DMAPause                       0x08008d7b   Thumb Code    38  stm32f4xx_hal_usart.o(.text)
    HAL_USART_DMAResume                      0x08008da1   Thumb Code    38  stm32f4xx_hal_usart.o(.text)
    HAL_USART_DMAStop                        0x08008dc7   Thumb Code    54  stm32f4xx_hal_usart.o(.text)
    HAL_USART_IRQHandler                     0x08008ee9   Thumb Code   556  stm32f4xx_hal_usart.o(.text)
    HAL_USART_GetState                       0x08009115   Thumb Code     6  stm32f4xx_hal_usart.o(.text)
    HAL_USART_GetError                       0x0800911b   Thumb Code     4  stm32f4xx_hal_usart.o(.text)
    USB_CoreInit                             0x08009121   Thumb Code   206  stm32f4xx_ll_usb.o(.text)
    USB_EnableGlobalInt                      0x080091ef   Thumb Code    12  stm32f4xx_ll_usb.o(.text)
    USB_DisableGlobalInt                     0x080091fb   Thumb Code    12  stm32f4xx_ll_usb.o(.text)
    USB_SetCurrentMode                       0x08009207   Thumb Code    46  stm32f4xx_ll_usb.o(.text)
    USB_FlushRxFifo                          0x08009235   Thumb Code    30  stm32f4xx_ll_usb.o(.text)
    USB_FlushTxFifo                          0x08009253   Thumb Code    34  stm32f4xx_ll_usb.o(.text)
    USB_SetDevSpeed                          0x08009275   Thumb Code    14  stm32f4xx_ll_usb.o(.text)
    USB_DevInit                              0x08009283   Thumb Code   362  stm32f4xx_ll_usb.o(.text)
    USB_GetDevSpeed                          0x080093ed   Thumb Code    58  stm32f4xx_ll_usb.o(.text)
    USB_ActivateEndpoint                     0x08009427   Thumb Code   140  stm32f4xx_ll_usb.o(.text)
    USB_ActivateDedicatedEndpoint            0x080094b3   Thumb Code   254  stm32f4xx_ll_usb.o(.text)
    USB_DeactivateEndpoint                   0x080095b1   Thumb Code   122  stm32f4xx_ll_usb.o(.text)
    USB_DeactivateDedicatedEndpoint          0x0800962b   Thumb Code    82  stm32f4xx_ll_usb.o(.text)
    USB_WritePacket                          0x0800967d   Thumb Code    46  stm32f4xx_ll_usb.o(.text)
    USB_EPStartXfer                          0x080096ab   Thumb Code   606  stm32f4xx_ll_usb.o(.text)
    USB_EP0StartXfer                         0x08009909   Thumb Code   340  stm32f4xx_ll_usb.o(.text)
    USB_ReadPacket                           0x08009a5d   Thumb Code    34  stm32f4xx_ll_usb.o(.text)
    USB_EPSetStall                           0x08009a7f   Thumb Code   100  stm32f4xx_ll_usb.o(.text)
    USB_EPClearStall                         0x08009ae3   Thumb Code   102  stm32f4xx_ll_usb.o(.text)
    USB_StopDevice                           0x08009b49   Thumb Code    90  stm32f4xx_ll_usb.o(.text)
    USB_SetDevAddress                        0x08009ba3   Thumb Code    34  stm32f4xx_ll_usb.o(.text)
    USB_DevConnect                           0x08009bc5   Thumb Code    24  stm32f4xx_ll_usb.o(.text)
    USB_DevDisconnect                        0x08009bdd   Thumb Code    24  stm32f4xx_ll_usb.o(.text)
    USB_ReadInterrupts                       0x08009bf5   Thumb Code     8  stm32f4xx_ll_usb.o(.text)
    USB_ReadDevAllOutEpInterrupt             0x08009bfd   Thumb Code    14  stm32f4xx_ll_usb.o(.text)
    USB_ReadDevAllInEpInterrupt              0x08009c0b   Thumb Code    14  stm32f4xx_ll_usb.o(.text)
    USB_ReadDevOutEPInterrupt                0x08009c19   Thumb Code    16  stm32f4xx_ll_usb.o(.text)
    USB_ReadDevInEPInterrupt                 0x08009c29   Thumb Code    30  stm32f4xx_ll_usb.o(.text)
    USB_ClearInterrupts                      0x08009c47   Thumb Code     8  stm32f4xx_ll_usb.o(.text)
    USB_GetMode                              0x08009c4f   Thumb Code     8  stm32f4xx_ll_usb.o(.text)
    USB_ActivateSetup                        0x08009c57   Thumb Code    52  stm32f4xx_ll_usb.o(.text)
    USB_EP0_OutStart                         0x08009c8b   Thumb Code    62  stm32f4xx_ll_usb.o(.text)
    USB_DriveVbus                            0x08009cc9   Thumb Code    54  stm32f4xx_ll_usb.o(.text)
    USB_HostInit                             0x08009cff   Thumb Code   216  stm32f4xx_ll_usb.o(.text)
    USB_InitFSLSPClkSel                      0x08009dd7   Thumb Code    54  stm32f4xx_ll_usb.o(.text)
    USB_ResetPort                            0x08009e0d   Thumb Code    42  stm32f4xx_ll_usb.o(.text)
    USB_GetHostSpeed                         0x08009e37   Thumb Code    16  stm32f4xx_ll_usb.o(.text)
    USB_GetCurrentFrame                      0x08009e47   Thumb Code     8  stm32f4xx_ll_usb.o(.text)
    USB_HC_Init                              0x08009e4f   Thumb Code   230  stm32f4xx_ll_usb.o(.text)
    USB_DoPing                               0x08009f35   Thumb Code    96  stm32f4xx_ll_usb.o(.text)
    USB_HC_StartXfer                         0x08009f95   Thumb Code   464  stm32f4xx_ll_usb.o(.text)
    USB_HC_ReadInterrupt                     0x0800a165   Thumb Code    10  stm32f4xx_ll_usb.o(.text)
    USB_HC_Halt                              0x0800a16f   Thumb Code   392  stm32f4xx_ll_usb.o(.text)
    USB_StopHost                             0x0800a2f7   Thumb Code   228  stm32f4xx_ll_usb.o(.text)
    TM_DELAY_Init                            0x0800a3e5   Thumb Code    52  tm_stm32_delay.o(.text)
    TM_DELAY_TimerCreate                     0x0800a419   Thumb Code    84  tm_stm32_delay.o(.text)
    TM_DELAY_TimerDelete                     0x0800a46d   Thumb Code   100  tm_stm32_delay.o(.text)
    TM_DELAY_TimerStop                       0x0800a4d1   Thumb Code    10  tm_stm32_delay.o(.text)
    TM_DELAY_TimerStart                      0x0800a4db   Thumb Code    10  tm_stm32_delay.o(.text)
    TM_DELAY_TimerReset                      0x0800a4e5   Thumb Code     6  tm_stm32_delay.o(.text)
    TM_DELAY_TimerAutoReloadCommand          0x0800a4eb   Thumb Code    18  tm_stm32_delay.o(.text)
    TM_DELAY_TimerAutoReloadValue            0x0800a4fd   Thumb Code     4  tm_stm32_delay.o(.text)
    TM_DELAY_1msHandler                      0x0800a501   Thumb Code     2  tm_stm32_delay.o(.text)
    HAL_IncTick                              0x0800a503   Thumb Code   104  tm_stm32_delay.o(.text)
    HAL_GetTick                              0x0800a56b   Thumb Code     6  tm_stm32_delay.o(.text)
    HAL_Delay                                0x0800a571   Thumb Code    50  tm_stm32_delay.o(.text)
    TM_GPIO_GetPortSource                    0x0800a5b5   Thumb Code    10  tm_stm32_gpio.o(.text)
    TM_GPIO_INT_Init                         0x0800a5bf   Thumb Code   160  tm_stm32_gpio.o(.text)
    TM_GPIO_INT_EnableClock                  0x0800a65f   Thumb Code    20  tm_stm32_gpio.o(.text)
    TM_GPIO_Init                             0x0800a673   Thumb Code    44  tm_stm32_gpio.o(.text)
    TM_GPIO_InitAlternate                    0x0800a69f   Thumb Code   124  tm_stm32_gpio.o(.text)
    TM_GPIO_DeInit                           0x0800a71b   Thumb Code    70  tm_stm32_gpio.o(.text)
    TM_GPIO_SetPinAsInput                    0x0800a761   Thumb Code    42  tm_stm32_gpio.o(.text)
    TM_GPIO_SetPinAsOutput                   0x0800a78b   Thumb Code    48  tm_stm32_gpio.o(.text)
    TM_GPIO_SetPinAsAnalog                   0x0800a7bb   Thumb Code    42  tm_stm32_gpio.o(.text)
    TM_GPIO_SetPinAsAlternate                0x0800a7e5   Thumb Code    50  tm_stm32_gpio.o(.text)
    TM_GPIO_SetPullResistor                  0x0800a817   Thumb Code    54  tm_stm32_gpio.o(.text)
    TM_GPIO_Lock                             0x0800a84d   Thumb Code    16  tm_stm32_gpio.o(.text)
    TM_GPIO_GetPinSource                     0x0800a85d   Thumb Code    20  tm_stm32_gpio.o(.text)
    TM_GPIO_INT_DisableClock                 0x0800a871   Thumb Code    22  tm_stm32_gpio.o(.text)
    TM_GPIO_GetUsedPins                      0x0800a887   Thumb Code    16  tm_stm32_gpio.o(.text)
    TM_GPIO_GetFreePins                      0x0800a897   Thumb Code    20  tm_stm32_gpio.o(.text)
    TM_RCC_InitSystem                        0x0800a8b5   Thumb Code   130  tm_stm32_rcc.o(.text)
    TM_RTC_GetUnixTimeStamp                  0x0800a941   Thumb Code   232  tm_stm32_rtc.o(.text)
    TM_RTC_GetDateTime                       0x0800aa29   Thumb Code   108  tm_stm32_rtc.o(.text)
    TM_RTC_Init                              0x0800aa95   Thumb Code   252  tm_stm32_rtc.o(.text)
    TM_RTC_SetDateTime                       0x0800ab91   Thumb Code   484  tm_stm32_rtc.o(.text)
    TM_RTC_SetDateTimeString                 0x0800ad75   Thumb Code   358  tm_stm32_rtc.o(.text)
    TM_RTC_GetDaysInMonth                    0x0800aedb   Thumb Code    86  tm_stm32_rtc.o(.text)
    TM_RTC_GetDaysInYear                     0x0800af31   Thumb Code    60  tm_stm32_rtc.o(.text)
    TM_RTC_Interrupts                        0x0800af6d   Thumb Code   184  tm_stm32_rtc.o(.text)
    TM_RTC_GetDateTimeFromUnix               0x0800b025   Thumb Code   328  tm_stm32_rtc.o(.text)
    TM_RTC_EnableAlarm                       0x0800b16d   Thumb Code   158  tm_stm32_rtc.o(.text)
    TM_RTC_DisableAlarm                      0x0800b20b   Thumb Code    30  tm_stm32_rtc.o(.text)
    TM_RTC_WriteBackupRegister               0x0800b229   Thumb Code    16  tm_stm32_rtc.o(.text)
    TM_RTC_ReadBackupRegister                0x0800b239   Thumb Code    16  tm_stm32_rtc.o(.text)
    TM_RTC_WakeupHandler                     0x0800b249   Thumb Code     2  tm_stm32_rtc.o(.text)
    TM_RTC_AlarmAHandler                     0x0800b24b   Thumb Code     2  tm_stm32_rtc.o(.text)
    TM_RTC_AlarmBHandler                     0x0800b24d   Thumb Code     2  tm_stm32_rtc.o(.text)
    RTC_WKUP_IRQHandler                      0x0800b24f   Thumb Code    42  tm_stm32_rtc.o(.text)
    RTC_Alarm_IRQHandler                     0x0800b279   Thumb Code    66  tm_stm32_rtc.o(.text)
    TM_USB_Init                              0x0800b2c5   Thumb Code     4  tm_stm32_usb.o(.text)
    TM_USB_InitFS                            0x0800b2c9   Thumb Code   116  tm_stm32_usb.o(.text)
    TM_USB_InitHS                            0x0800b33d   Thumb Code     4  tm_stm32_usb.o(.text)
    TM_USB_DriveVBUSCallback                 0x0800b341   Thumb Code    22  tm_stm32_usb.o(.text)
    OTG_FS_IRQHandler                        0x0800b357   Thumb Code     6  tm_stm32_usb.o(.text)
    TM_USBH_Init                             0x0800b3a1   Thumb Code    26  tm_stm32_usb_host.o(.text)
    TM_USBH_Start                            0x0800b3bb   Thumb Code    20  tm_stm32_usb_host.o(.text)
    TM_USBH_Restart                          0x0800b3cf   Thumb Code    20  tm_stm32_usb_host.o(.text)
    TM_USBH_Stop                             0x0800b3e3   Thumb Code    20  tm_stm32_usb_host.o(.text)
    TM_USBH_Process                          0x0800b3f7   Thumb Code    20  tm_stm32_usb_host.o(.text)
    TM_USBH_IsConnected                      0x0800b40b   Thumb Code    20  tm_stm32_usb_host.o(.text)
    TM_USBH_IsDeviceReady                    0x0800b41f   Thumb Code    32  tm_stm32_usb_host.o(.text)
    TM_USBH_GetUSBPointer                    0x0800b43f   Thumb Code     8  tm_stm32_usb_host.o(.text)
    TM_USBH_GetVID                           0x0800b447   Thumb Code    12  tm_stm32_usb_host.o(.text)
    TM_USBH_GetPID                           0x0800b453   Thumb Code    12  tm_stm32_usb_host.o(.text)
    TM_USBH_MSC_Init                         0x0800b471   Thumb Code    22  tm_stm32_usb_host_msc.o(.text)
    TM_USBH_MSC_IsConnected                  0x0800b487   Thumb Code    28  tm_stm32_usb_host_msc.o(.text)
    TM_USBH_MSC_IsReady                      0x0800b4a3   Thumb Code    20  tm_stm32_usb_host_msc.o(.text)
    main                                     0x0800b4c1   Thumb Code   258  main.o(.text)
    NMI_Handler                              0x0800b5ed   Thumb Code     2  stm32fxxx_it.o(.text)
    HardFault_Handler                        0x0800b5ef   Thumb Code     2  stm32fxxx_it.o(.text)
    MemManage_Handler                        0x0800b5f1   Thumb Code     2  stm32fxxx_it.o(.text)
    BusFault_Handler                         0x0800b5f3   Thumb Code     2  stm32fxxx_it.o(.text)
    UsageFault_Handler                       0x0800b5f5   Thumb Code     2  stm32fxxx_it.o(.text)
    SVC_Handler                              0x0800b5f7   Thumb Code     2  stm32fxxx_it.o(.text)
    DebugMon_Handler                         0x0800b5f9   Thumb Code     2  stm32fxxx_it.o(.text)
    PendSV_Handler                           0x0800b5fb   Thumb Code     2  stm32fxxx_it.o(.text)
    TimingDelay_Decrement                    0x0800b5fd   Thumb Code     2  stm32fxxx_it.o(.text)
    SysTick_Handler                          0x0800b5ff   Thumb Code     4  stm32fxxx_it.o(.text)
    TIM3_IRQHandler                          0x0800b603   Thumb Code   110  stm32fxxx_it.o(.text)
    CAN2_RX0_IRQHandler                      0x0800b671   Thumb Code    26  stm32fxxx_it.o(.text)
    CAN2_TX_IRQHandler                       0x0800b68b   Thumb Code     6  stm32fxxx_it.o(.text)
    USART2_IRQHandler                        0x0800b691   Thumb Code    18  stm32fxxx_it.o(.text)
    USART3_IRQHandler                        0x0800b6a3   Thumb Code    18  stm32fxxx_it.o(.text)
    TIM5_IRQHandler                          0x0800b6b5   Thumb Code   368  stm32fxxx_it.o(.text)
    EXTI9_5_IRQHandler                       0x0800b825   Thumb Code     8  stm32fxxx_it.o(.text)
    SystemInit                               0x0800b865   Thumb Code    64  system_stm32f4xx.o(.text)
    SystemCoreClockUpdate                    0x0800b8a5   Thumb Code   110  system_stm32f4xx.o(.text)
    HAL_MspInit                              0x0800b93d   Thumb Code    22  stm32f4xx_hal_msp.o(.text)
    HAL_TIM_Base_MspInit                     0x0800b953   Thumb Code   188  stm32f4xx_hal_msp.o(.text)
    HAL_TIM_Base_MspDeInit                   0x0800ba0f   Thumb Code   116  stm32f4xx_hal_msp.o(.text)
    HAL_TIM_IC_MspInit                       0x0800ba83   Thumb Code    80  stm32f4xx_hal_msp.o(.text)
    HAL_TIM_IC_MspDeInit                     0x0800bad3   Thumb Code    44  stm32f4xx_hal_msp.o(.text)
    HAL_CAN_MspInit                          0x0800baff   Thumb Code   120  stm32f4xx_hal_msp.o(.text)
    HAL_CAN_MspDeInit                        0x0800bb77   Thumb Code    60  stm32f4xx_hal_msp.o(.text)
    HAL_UART_MspInit                         0x0800bbb3   Thumb Code    96  stm32f4xx_hal_msp.o(.text)
    HAL_UART_MspDeInit                       0x0800bc13   Thumb Code    54  stm32f4xx_hal_msp.o(.text)
    SystemClock_Config                       0x0800bc59   Thumb Code   162  config.o(.text)
    MX_GPIO_Init                             0x0800bcfb   Thumb Code   150  config.o(.text)
    TIM3_Init                                0x0800bd91   Thumb Code    60  config.o(.text)
    TIM5_Init                                0x0800bdcd   Thumb Code    66  config.o(.text)
    MX_CAN2_Init                             0x0800be0f   Thumb Code    82  config.o(.text)
    UARTTelemetry_Config                     0x0800be61   Thumb Code    52  config.o(.text)
    RxTelemetry                              0x0800be95   Thumb Code   678  config.o(.text)
    USB_Config                               0x0800c13b   Thumb Code    28  config.o(.text)
    RTC_Config                               0x0800c157   Thumb Code    60  config.o(.text)
    SendfromADQ                              0x0800c1b1   Thumb Code    28  funciones.o(.text)
    USBWrite1024Block                        0x0800c1cd   Thumb Code   372  funciones.o(.text)
    USBReadBlock                             0x0800c341   Thumb Code  1074  funciones.o(.text)
    USBReadBlock2                            0x0800c773   Thumb Code   104  funciones.o(.text)
    ReadCanData                              0x0800c7db   Thumb Code    46  funciones.o(.text)
    ReadIMUCanData                           0x0800c809   Thumb Code    48  funciones.o(.text)
    Read64CanData                            0x0800c839   Thumb Code    68  funciones.o(.text)
    GEAR_calc                                0x0800c87d   Thumb Code   146  funciones.o(.text)
    ReadCANData                              0x0800c90f   Thumb Code  1578  funciones.o(.text)
    processByte                              0x0800cf39   Thumb Code   422  funciones.o(.text)
    GPS_Config                               0x0800d0df   Thumb Code    52  funciones.o(.text)
    DisableAllInterrupts                     0x0800d113   Thumb Code    42  funciones.o(.text)
    EnableAllInterrupts                      0x0800d13d   Thumb Code    42  funciones.o(.text)
    fputc                                    0x0800d167   Thumb Code     2  funciones.o(.text)
    Variables_to_0                           0x0800d169   Thumb Code    36  funciones.o(.text)
    processTelemetryByte                     0x0800d18d   Thumb Code     6  funciones.o(.text)
    sendFunction                             0x0800d193   Thumb Code    30  funciones.o(.text)
    SendCanData                              0x0800d1b1   Thumb Code    14  funciones.o(.text)
    addCan16Bit                              0x0800d1bf   Thumb Code    36  funciones.o(.text)
    sendDNData                               0x0800d1e3   Thumb Code    92  funciones.o(.text)
    sendBBData                               0x0800d23f   Thumb Code    96  funciones.o(.text)
    SaveTimes                                0x0800d29f   Thumb Code    46  funciones.o(.text)
    USB_ReadData                             0x0800d2cd   Thumb Code   504  funciones.o(.text)
    sendFlagsData                            0x0800d4c5   Thumb Code   100  funciones.o(.text)
    sendTCData                               0x0800d529   Thumb Code   152  funciones.o(.text)
    sendTelemetry                            0x0800d5c1   Thumb Code   510  funciones.o(.text)
    sendASData                               0x0800d7bf   Thumb Code    76  funciones.o(.text)
    sendFTSData                              0x0800d80b   Thumb Code   158  funciones.o(.text)
    sendLCSData                              0x0800d8a9   Thumb Code   540  funciones.o(.text)
    processPacket                            0x0800dac5   Thumb Code   760  funciones.o(.text)
    sendBeaconDetected                       0x0800ddbd   Thumb Code    38  funciones.o(.text)
    LedForAero                               0x0800dde3   Thumb Code    34  funciones.o(.text)
    addCan32Bit                              0x0800de05   Thumb Code   132  funciones.o(.text)
    readBackupSRAM                           0x0800de89   Thumb Code    60  funciones.o(.text)
    addStarttobuffer                         0x0800ded9   Thumb Code   124  usbfunc.o(.text)
    addStoptobuffer                          0x0800df55   Thumb Code   108  usbfunc.o(.text)
    add8tobuffer                             0x0800dfc1   Thumb Code    30  usbfunc.o(.text)
    add16tobuffer                            0x0800dfdf   Thumb Code    60  usbfunc.o(.text)
    add32tobuffer                            0x0800e01b   Thumb Code   104  usbfunc.o(.text)
    addGPStobuffer                           0x0800e083   Thumb Code     2  usbfunc.o(.text)
    addGPS0tobuffer                          0x0800e085   Thumb Code    44  usbfunc.o(.text)
    ALE_Buffer_Putc                          0x0800e0b1   Thumb Code    60  ale_buffer.o(.text)
    ALE_Buffer_write                         0x0800e0ed   Thumb Code    96  ale_buffer.o(.text)
    ALE_Buffer_Puts                          0x0800e14d   Thumb Code    88  ale_buffer.o(.text)
    ALE_Buffer_init                          0x0800e1a5   Thumb Code    30  ale_buffer.o(.text)
    ALE_Buffer_Getc                          0x0800e1c3   Thumb Code    54  ale_buffer.o(.text)
    ALE_Buffer_Read                          0x0800e1f9   Thumb Code    84  ale_buffer.o(.text)
    ALE_Buffer_Flush                         0x0800e24d   Thumb Code    28  ale_buffer.o(.text)
    buffer_append_int32                      0x0800e269   Thumb Code    60  ale_buffer.o(.text)
    buffer_append_int16                      0x0800e2a5   Thumb Code    32  ale_buffer.o(.text)
    buffer_append_float32                    0x0800e2c5   Thumb Code    72  ale_buffer.o(.text)
    buffer2float16                           0x0800e30d   Thumb Code    46  ale_buffer.o(.text)
    buffer2float32                           0x0800e33b   Thumb Code    86  ale_buffer.o(.text)
    buffer2int32                             0x0800e391   Thumb Code    46  ale_buffer.o(.text)
    buffer2int16                             0x0800e3bf   Thumb Code    26  ale_buffer.o(.text)
    ALE_GPIO_Clk_Enable                      0x0800e3d9   Thumb Code   220  ale_gpio_f4.o(.text)
    ALE_GPIO_Clk_Disable                     0x0800e4b5   Thumb Code   150  ale_gpio_f4.o(.text)
    ALE_USART_Putc                           0x0800e551   Thumb Code    58  ale_usart_f4.o(.text)
    ALE_USART_IRQHandler                     0x0800e58b   Thumb Code   122  ale_usart_f4.o(.text)
    ALE_USART_Puts                           0x0800e605   Thumb Code    78  ale_usart_f4.o(.text)
    ALE_USART_Init                           0x0800e653   Thumb Code   584  ale_usart_f4.o(.text)
    ALE_USART_Process_Byte                   0x0800e89b   Thumb Code    66  ale_usart_f4.o(.text)
    crc16                                    0x0800e8ed   Thumb Code    48  crc.o(.text)
    packet_init                              0x0800e921   Thumb Code    16  packet.o(.text)
    packet_send_packet                       0x0800e931   Thumb Code   106  packet.o(.text)
    packet_timerfunc                         0x0800e99b   Thumb Code    48  packet.o(.text)
    packet_process_byte                      0x0800e9cb   Thumb Code   198  packet.o(.text)
    TIM_CUT_Set                              0x0800ea95   Thumb Code    14  tc.o(.text)
    TC_CUTV1                                 0x0800eaa3   Thumb Code   158  tc.o(.text)
    TC_ON                                    0x0800eb41   Thumb Code   188  tc.o(.text)
    TIM4_IRQHandler                          0x0800ebfd   Thumb Code    76  tc.o(.text)
    TIM6_DAC_IRQHandler                      0x0800ec49   Thumb Code    58  tc.o(.text)
    EXTI1_IRQHandler                         0x0800ec83   Thumb Code   126  tc.o(.text)
    EXTI2_IRQHandler                         0x0800ed01   Thumb Code    90  tc.o(.text)
    TC_GPIO_Config                           0x0800ed5b   Thumb Code    62  tc.o(.text)
    TC_TIM_Config                            0x0800ed99   Thumb Code    62  tc.o(.text)
    FTS_TIM_Config                           0x0800edd7   Thumb Code    46  tc.o(.text)
    FTS_GPIO_Config                          0x0800ee05   Thumb Code   142  tc.o(.text)
    HAL_HCD_MspInit                          0x0800eed5   Thumb Code    14  usbh_conf.o(.text)
    HAL_HCD_MspDeInit                        0x0800eee3   Thumb Code    32  usbh_conf.o(.text)
    HAL_HCD_SOF_Callback                     0x0800ef03   Thumb Code     8  usbh_conf.o(.text)
    HAL_HCD_Connect_Callback                 0x0800ef0b   Thumb Code     8  usbh_conf.o(.text)
    HAL_HCD_Disconnect_Callback              0x0800ef13   Thumb Code     8  usbh_conf.o(.text)
    HAL_HCD_HC_NotifyURBChange_Callback      0x0800ef1b   Thumb Code     2  usbh_conf.o(.text)
    USBH_LL_Init                             0x0800ef1d   Thumb Code    72  usbh_conf.o(.text)
    USBH_LL_DeInit                           0x0800ef65   Thumb Code    14  usbh_conf.o(.text)
    USBH_LL_Start                            0x0800ef73   Thumb Code    14  usbh_conf.o(.text)
    USBH_LL_Stop                             0x0800ef81   Thumb Code    14  usbh_conf.o(.text)
    USBH_LL_GetSpeed                         0x0800ef8f   Thumb Code    32  usbh_conf.o(.text)
    USBH_LL_ResetPort                        0x0800efaf   Thumb Code    14  usbh_conf.o(.text)
    USBH_LL_GetLastXferSize                  0x0800efbd   Thumb Code     8  usbh_conf.o(.text)
    USBH_LL_OpenPipe                         0x0800efc5   Thumb Code    34  usbh_conf.o(.text)
    USBH_LL_ClosePipe                        0x0800efe7   Thumb Code    14  usbh_conf.o(.text)
    USBH_LL_SubmitURB                        0x0800eff5   Thumb Code    30  usbh_conf.o(.text)
    USBH_LL_GetURBState                      0x0800f013   Thumb Code     8  usbh_conf.o(.text)
    USBH_LL_DriverVBUS                       0x0800f01b   Thumb Code    20  usbh_conf.o(.text)
    USBH_LL_SetToggle                        0x0800f02f   Thumb Code    38  usbh_conf.o(.text)
    USBH_LL_GetToggle                        0x0800f055   Thumb Code    42  usbh_conf.o(.text)
    USBH_Delay                               0x0800f07f   Thumb Code     4  usbh_conf.o(.text)
    USBH_Init                                0x0800f091   Thumb Code    68  usbh_core.o(.text)
    USBH_DeInit                              0x0800f0d5   Thumb Code    32  usbh_core.o(.text)
    USBH_RegisterClass                       0x0800f0f5   Thumb Code    76  usbh_core.o(.text)
    USBH_SelectInterface                     0x0800f141   Thumb Code   120  usbh_core.o(.text)
    USBH_GetActiveClass                      0x0800f1b9   Thumb Code     6  usbh_core.o(.text)
    USBH_FindInterface                       0x0800f1bf   Thumb Code    82  usbh_core.o(.text)
    USBH_FindInterfaceIndex                  0x0800f211   Thumb Code    56  usbh_core.o(.text)
    USBH_Start                               0x0800f249   Thumb Code    20  usbh_core.o(.text)
    USBH_Stop                                0x0800f25d   Thumb Code    36  usbh_core.o(.text)
    USBH_ReEnumerate                         0x0800f281   Thumb Code    62  usbh_core.o(.text)
    USBH_Process                             0x0800f2bf   Thumb Code  1330  usbh_core.o(.text)
    USBH_LL_SetTimer                         0x0800f7f1   Thumb Code     6  usbh_core.o(.text)
    USBH_LL_IncTimer                         0x0800f7f7   Thumb Code    32  usbh_core.o(.text)
    USBH_LL_Connect                          0x0800f817   Thumb Code    40  usbh_core.o(.text)
    USBH_LL_Disconnect                       0x0800f83f   Thumb Code    70  usbh_core.o(.text)
    USBH_CtlReq                              0x0800fa39   Thumb Code   432  usbh_ctlreq.o(.text)
    USBH_GetDescriptor                       0x0800fbe9   Thumb Code    60  usbh_ctlreq.o(.text)
    USBH_Get_DevDesc                         0x0800fc25   Thumb Code   160  usbh_ctlreq.o(.text)
    USBH_GetNextDesc                         0x0800fcc5   Thumb Code    14  usbh_ctlreq.o(.text)
    USBH_Get_CfgDesc                         0x0800fcd3   Thumb Code   282  usbh_ctlreq.o(.text)
    USBH_Get_StringDesc                      0x0800fded   Thumb Code    88  usbh_ctlreq.o(.text)
    USBH_SetAddress                          0x0800fe45   Thumb Code    26  usbh_ctlreq.o(.text)
    USBH_SetCfg                              0x0800fe5f   Thumb Code    26  usbh_ctlreq.o(.text)
    USBH_SetInterface                        0x0800fe79   Thumb Code    26  usbh_ctlreq.o(.text)
    USBH_ClrFeature                          0x0800fe93   Thumb Code    28  usbh_ctlreq.o(.text)
    USBH_CtlSendSetup                        0x0800fecd   Thumb Code    34  usbh_ioreq.o(.text)
    USBH_CtlSendData                         0x0800feef   Thumb Code    46  usbh_ioreq.o(.text)
    USBH_CtlReceiveData                      0x0800ff1d   Thumb Code    38  usbh_ioreq.o(.text)
    USBH_BulkSendData                        0x0800ff43   Thumb Code    46  usbh_ioreq.o(.text)
    USBH_BulkReceiveData                     0x0800ff71   Thumb Code    38  usbh_ioreq.o(.text)
    USBH_InterruptReceiveData                0x0800ff97   Thumb Code    38  usbh_ioreq.o(.text)
    USBH_InterruptSendData                   0x0800ffbd   Thumb Code    38  usbh_ioreq.o(.text)
    USBH_IsocReceiveData                     0x0800ffe3   Thumb Code    40  usbh_ioreq.o(.text)
    USBH_IsocSendData                        0x0801000b   Thumb Code    40  usbh_ioreq.o(.text)
    USBH_OpenPipe                            0x08010033   Thumb Code    28  usbh_pipes.o(.text)
    USBH_ClosePipe                           0x0801004f   Thumb Code    10  usbh_pipes.o(.text)
    USBH_AllocPipe                           0x08010059   Thumb Code    56  usbh_pipes.o(.text)
    USBH_FreePipe                            0x08010091   Thumb Code    24  usbh_pipes.o(.text)
    USBH_MSC_IsReady                         0x08010905   Thumb Code    20  usbh_msc.o(.text)
    USBH_MSC_GetMaxLUN                       0x08010919   Thumb Code    28  usbh_msc.o(.text)
    USBH_MSC_UnitIsReady                     0x08010935   Thumb Code    40  usbh_msc.o(.text)
    USBH_MSC_GetLUNInfo                      0x0801095d   Thumb Code    62  usbh_msc.o(.text)
    USBH_MSC_Read                            0x0801099b   Thumb Code   154  usbh_msc.o(.text)
    USBH_MSC_Write                           0x08010a35   Thumb Code   154  usbh_msc.o(.text)
    USBH_MSC_BOT_REQ_Reset                   0x08010b11   Thumb Code    22  usbh_msc_bot.o(.text)
    USBH_MSC_BOT_REQ_GetMaxLUN               0x08010b27   Thumb Code    22  usbh_msc_bot.o(.text)
    USBH_MSC_BOT_Init                        0x08010b3d   Thumb Code    28  usbh_msc_bot.o(.text)
    USBH_MSC_BOT_Process                     0x08010b59   Thumb Code   520  usbh_msc_bot.o(.text)
    USBH_MSC_SCSI_TestUnitReady              0x08010d6d   Thumb Code    80  usbh_msc_scsi.o(.text)
    USBH_MSC_SCSI_ReadCapacity               0x08010dbd   Thumb Code   136  usbh_msc_scsi.o(.text)
    USBH_MSC_SCSI_Inquiry                    0x08010e45   Thumb Code   210  usbh_msc_scsi.o(.text)
    USBH_MSC_SCSI_RequestSense               0x08010f17   Thumb Code   156  usbh_msc_scsi.o(.text)
    USBH_MSC_SCSI_Write                      0x08010fb3   Thumb Code   134  usbh_msc_scsi.o(.text)
    USBH_MSC_SCSI_Read                       0x08011039   Thumb Code   136  usbh_msc_scsi.o(.text)
    TM_FATFS_AddDriver                       0x080110c1   Thumb Code    42  diskio.o(.text)
    disk_initialize                          0x080110eb   Thumb Code    20  diskio.o(.text)
    disk_status                              0x080110ff   Thumb Code    22  diskio.o(.text)
    disk_read                                0x08011115   Thumb Code    50  diskio.o(.text)
    disk_write                               0x08011147   Thumb Code    50  diskio.o(.text)
    disk_ioctl                               0x08011179   Thumb Code    28  diskio.o(.text)
    get_fattime                              0x08011195   Thumb Code     4  diskio.o(.text)
    TM_FATFS_SD_SDIO_disk_initialize         0x08011199   Thumb Code     4  diskio.o(.text)
    TM_FATFS_SD_disk_initialize              0x0801119d   Thumb Code     4  diskio.o(.text)
    TM_FATFS_USBHS_disk_initialize           0x080111a5   Thumb Code     4  diskio.o(.text)
    TM_FATFS_SDRAM_disk_initialize           0x080111a9   Thumb Code     4  diskio.o(.text)
    TM_FATFS_SPI_FLASH_disk_initialize       0x080111ad   Thumb Code     4  diskio.o(.text)
    TM_FATFS_SD_SDIO_disk_status             0x080111b1   Thumb Code     4  diskio.o(.text)
    TM_FATFS_SD_disk_status                  0x080111b5   Thumb Code     4  diskio.o(.text)
    TM_FATFS_USBHS_disk_status               0x080111bd   Thumb Code     4  diskio.o(.text)
    TM_FATFS_SDRAM_disk_status               0x080111c1   Thumb Code     4  diskio.o(.text)
    TM_FATFS_SPI_FLASH_disk_status           0x080111c5   Thumb Code     4  diskio.o(.text)
    TM_FATFS_SD_SDIO_disk_ioctl              0x080111c9   Thumb Code     4  diskio.o(.text)
    TM_FATFS_SD_disk_ioctl                   0x080111cd   Thumb Code     4  diskio.o(.text)
    TM_FATFS_USBHS_disk_ioctl                0x080111d5   Thumb Code     4  diskio.o(.text)
    TM_FATFS_SDRAM_disk_ioctl                0x080111d9   Thumb Code     4  diskio.o(.text)
    TM_FATFS_SPI_FLASH_disk_ioctl            0x080111dd   Thumb Code     4  diskio.o(.text)
    TM_FATFS_SD_SDIO_disk_read               0x080111e1   Thumb Code     4  diskio.o(.text)
    TM_FATFS_SD_disk_read                    0x080111e5   Thumb Code     4  diskio.o(.text)
    TM_FATFS_USBHS_disk_read                 0x080111ed   Thumb Code     4  diskio.o(.text)
    TM_FATFS_SDRAM_disk_read                 0x080111f1   Thumb Code     4  diskio.o(.text)
    TM_FATFS_SPI_FLASH_disk_read             0x080111f5   Thumb Code     4  diskio.o(.text)
    TM_FATFS_SD_SDIO_disk_write              0x080111f9   Thumb Code     4  diskio.o(.text)
    TM_FATFS_SD_disk_write                   0x080111fd   Thumb Code     4  diskio.o(.text)
    TM_FATFS_USBHS_disk_write                0x08011205   Thumb Code     4  diskio.o(.text)
    TM_FATFS_SDRAM_disk_write                0x08011209   Thumb Code     4  diskio.o(.text)
    TM_FATFS_SPI_FLASH_disk_write            0x0801120d   Thumb Code     4  diskio.o(.text)
    f_mount                                  0x080131d9   Thumb Code   118  ff.o(.text)
    f_open                                   0x0801324f   Thumb Code   968  ff.o(.text)
    f_read                                   0x08013617   Thumb Code   478  ff.o(.text)
    f_write                                  0x080137f5   Thumb Code   568  ff.o(.text)
    f_sync                                   0x08013a2d   Thumb Code   462  ff.o(.text)
    f_close                                  0x08013bfb   Thumb Code    86  ff.o(.text)
    f_chdrive                                0x08013c51   Thumb Code    24  ff.o(.text)
    f_chdir                                  0x08013c69   Thumb Code   202  ff.o(.text)
    f_getcwd                                 0x08013d33   Thumb Code   366  ff.o(.text)
    f_lseek                                  0x08013ea1   Thumb Code   852  ff.o(.text)
    f_opendir                                0x080141f5   Thumb Code   264  ff.o(.text)
    f_closedir                               0x080142fd   Thumb Code    78  ff.o(.text)
    f_readdir                                0x0801434b   Thumb Code   112  ff.o(.text)
    f_findnext                               0x080143bb   Thumb Code   154  ff.o(.text)
    f_findfirst                              0x08014455   Thumb Code    30  ff.o(.text)
    f_stat                                   0x08014473   Thumb Code    98  ff.o(.text)
    f_getfree                                0x080144d5   Thumb Code   318  ff.o(.text)
    f_truncate                               0x08014613   Thumb Code   200  ff.o(.text)
    f_unlink                                 0x080146db   Thumb Code   330  ff.o(.text)
    f_mkdir                                  0x08014825   Thumb Code   506  ff.o(.text)
    f_rename                                 0x08014a1f   Thumb Code   502  ff.o(.text)
    f_getlabel                               0x08014c15   Thumb Code   274  ff.o(.text)
    f_setlabel                               0x08014d27   Thumb Code   510  ff.o(.text)
    f_expand                                 0x08014f25   Thumb Code   390  ff.o(.text)
    f_forward                                0x080150ab   Thumb Code   350  ff.o(.text)
    f_mkfs                                   0x08015209   Thumb Code  2900  ff.o(.text)
    f_gets                                   0x08015d5d   Thumb Code    74  ff.o(.text)
    f_putc                                   0x08015da7   Thumb Code    70  ff.o(.text)
    f_puts                                   0x08015ded   Thumb Code   122  ff.o(.text)
    f_printf                                 0x08015e67   Thumb Code  1030  ff.o(.text)
    ff_memalloc                              0x08016749   Thumb Code     4  syscall.o(.text)
    ff_memfree                               0x0801674d   Thumb Code     4  syscall.o(.text)
    ff_convert                               0x08016751   Thumb Code    58  unicode.o(.text)
    ff_wtoupper                              0x0801678b   Thumb Code    78  unicode.o(.text)
    TM_FATFS_USBFS_disk_initialize           0x080167e5   Thumb Code     4  fatfs_usb.o(.text)
    TM_FATFS_USBFS_disk_status               0x080167e9   Thumb Code    40  fatfs_usb.o(.text)
    TM_FATFS_USBFS_disk_read                 0x08016811   Thumb Code   178  fatfs_usb.o(.text)
    TM_FATFS_USBFS_disk_write                0x080168c3   Thumb Code   212  fatfs_usb.o(.text)
    TM_FATFS_USBFS_disk_ioctl                0x08016997   Thumb Code   116  fatfs_usb.o(.text)
    __aeabi_uldivmod                         0x08016a59   Thumb Code    98  uldiv.o(.text)
    __aeabi_llsl                             0x08016abb   Thumb Code    30  llshl.o(.text)
    _ll_shift_l                              0x08016abb   Thumb Code     0  llshl.o(.text)
    __aeabi_llsr                             0x08016ad9   Thumb Code    32  llushr.o(.text)
    _ll_ushift_r                             0x08016ad9   Thumb Code     0  llushr.o(.text)
    __aeabi_memcpy                           0x08016af9   Thumb Code    36  memcpya.o(.text)
    __aeabi_memcpy4                          0x08016af9   Thumb Code     0  memcpya.o(.text)
    __aeabi_memcpy8                          0x08016af9   Thumb Code     0  memcpya.o(.text)
    __aeabi_memset                           0x08016b1d   Thumb Code    14  memseta.o(.text)
    __aeabi_memset4                          0x08016b1d   Thumb Code     0  memseta.o(.text)
    __aeabi_memset8                          0x08016b1d   Thumb Code     0  memseta.o(.text)
    __aeabi_memclr                           0x08016b2b   Thumb Code     4  memseta.o(.text)
    __aeabi_memclr4                          0x08016b2b   Thumb Code     0  memseta.o(.text)
    __aeabi_memclr8                          0x08016b2b   Thumb Code     0  memseta.o(.text)
    _memset$wrapper                          0x08016b2f   Thumb Code    18  memseta.o(.text)
    __aeabi_dmul                             0x08016b41   Thumb Code   228  dmul.o(.text)
    __aeabi_f2d                              0x08016c25   Thumb Code    38  f2d.o(.text)
    __aeabi_uidiv                            0x08016c4b   Thumb Code     0  uidiv.o(.text)
    __aeabi_uidivmod                         0x08016c4b   Thumb Code    44  uidiv.o(.text)
    __I$use$fp                               0x08016c77   Thumb Code     0  iusefp.o(.text)
    _double_round                            0x08016c77   Thumb Code    30  depilogue.o(.text)
    _double_epilogue                         0x08016c95   Thumb Code   156  depilogue.o(.text)
    __aeabi_dadd                             0x08016d31   Thumb Code   322  dadd.o(.text)
    __aeabi_dsub                             0x08016e73   Thumb Code     6  dadd.o(.text)
    __aeabi_drsub                            0x08016e79   Thumb Code     6  dadd.o(.text)
    __aeabi_ddiv                             0x08016e7f   Thumb Code   222  ddiv.o(.text)
    __aeabi_d2ulz                            0x08016f5d   Thumb Code    48  dfixul.o(.text)
    __aeabi_cdrcmple                         0x08016f8d   Thumb Code    48  cdrcmple.o(.text)
    __scatterload                            0x08016fbd   Thumb Code    28  init.o(.text)
    __scatterload_rt2                        0x08016fbd   Thumb Code     0  init.o(.text)
    __aeabi_lasr                             0x08016fe1   Thumb Code    36  llsshr.o(.text)
    _ll_sshift_r                             0x08016fe1   Thumb Code     0  llsshr.o(.text)
    __decompress                             0x08017005   Thumb Code     0  __dczerorl2.o(.text)
    __decompress1                            0x08017005   Thumb Code    86  __dczerorl2.o(.text)
    __0printf                                0x0801705d   Thumb Code    22  printfa.o(i.__0printf)
    __1printf                                0x0801705d   Thumb Code     0  printfa.o(i.__0printf)
    __2printf                                0x0801705d   Thumb Code     0  printfa.o(i.__0printf)
    __c89printf                              0x0801705d   Thumb Code     0  printfa.o(i.__0printf)
    printf                                   0x0801705d   Thumb Code     0  printfa.o(i.__0printf)
    __0sprintf                               0x0801707d   Thumb Code    34  printfa.o(i.__0sprintf)
    __1sprintf                               0x0801707d   Thumb Code     0  printfa.o(i.__0sprintf)
    __2sprintf                               0x0801707d   Thumb Code     0  printfa.o(i.__0sprintf)
    __c89sprintf                             0x0801707d   Thumb Code     0  printfa.o(i.__0sprintf)
    sprintf                                  0x0801707d   Thumb Code     0  printfa.o(i.__0sprintf)
    __scatterload_copy                       0x080170a5   Thumb Code    14  handlers.o(i.__scatterload_copy)
    __scatterload_null                       0x080170b3   Thumb Code     2  handlers.o(i.__scatterload_null)
    __scatterload_zeroinit                   0x080170b5   Thumb Code    14  handlers.o(i.__scatterload_zeroinit)
    free                                     0x08017981   Thumb Code    76  malloc.o(i.free)
    malloc                                   0x080179d1   Thumb Code    92  malloc.o(i.malloc)
    APBAHBPrescTable                         0x08017a44   Data          16  stm32f4xx_hal_rcc.o(.constdata)
    AHBPrescTable                            0x08017a54   Data          16  system_stm32f4xx.o(.constdata)
    crc16_tab                                0x08017a64   Data         512  crc.o(.constdata)
    Gear_Cut_Time                            0x08017c64   Data          12  tc.o(.constdata)
    Gear_Actuator_Time                       0x08017c70   Data          12  tc.o(.constdata)
    Region$$Table$$Base                      0x08018660   Number         0  anon$$obj.o(Region$$Table)
    Region$$Table$$Limit                     0x08018680   Number         0  anon$$obj.o(Region$$Table)
    TM_Time2                                 0x20000008   Data           4  tm_stm32_delay.o(.data)
    TM_Time                                  0x2000000c   Data           4  tm_stm32_delay.o(.data)
    TPS                                      0x2000003c   Data           2  main.o(.data)
    ECT                                      0x2000003e   Data           2  main.o(.data)
    RPM                                      0x20000040   Data           2  main.o(.data)
    Lambda                                   0x20000042   Data           2  main.o(.data)
    MAP                                      0x20000044   Data           2  main.o(.data)
    MGP                                      0x20000046   Data           2  main.o(.data)
    OILSTATE                                 0x20000048   Data           2  main.o(.data)
    IAT                                      0x2000004a   Data           2  main.o(.data)
    BAT                                      0x2000004c   Data           2  main.o(.data)
    VSS                                      0x2000004e   Data           2  main.o(.data)
    ACCFUEL                                  0x20000050   Data           2  main.o(.data)
    beacon                                   0x20000052   Data           1  main.o(.data)
    SWSens                                   0x20000054   Data           2  main.o(.data)
    CurrentSens                              0x20000056   Data           2  main.o(.data)
    DamperRR                                 0x20000058   Data           2  main.o(.data)
    DamperRL                                 0x2000005a   Data           2  main.o(.data)
    batteryCurrent                           0x2000005c   Data           4  main.o(.data)
    BrakePressF                              0x20000060   Data           2  main.o(.data)
    BrakePressR                              0x20000062   Data           2  main.o(.data)
    DamperFR                                 0x20000064   Data           2  main.o(.data)
    DamperFL                                 0x20000066   Data           2  main.o(.data)
    TempRRTireO                              0x20000068   Data           2  main.o(.data)
    TempRRTireM                              0x2000006a   Data           2  main.o(.data)
    TempRRTireI                              0x2000006c   Data           2  main.o(.data)
    TempRRCal                                0x2000006e   Data           2  main.o(.data)
    TempRRDisc                               0x20000070   Data           2  main.o(.data)
    TempRLTireO                              0x20000072   Data           2  main.o(.data)
    TempRLTireM                              0x20000074   Data           2  main.o(.data)
    TempRLTireI                              0x20000076   Data           2  main.o(.data)
    TempRLCal                                0x20000078   Data           2  main.o(.data)
    TempRLDisc                               0x2000007a   Data           2  main.o(.data)
    TempFRTireO                              0x2000007c   Data           2  main.o(.data)
    TempFRTireM                              0x2000007e   Data           2  main.o(.data)
    TempFRTireI                              0x20000080   Data           2  main.o(.data)
    TempFRCal                                0x20000082   Data           2  main.o(.data)
    TempFRDisc                               0x20000084   Data           2  main.o(.data)
    TempFLTireO                              0x20000086   Data           2  main.o(.data)
    TempFLTireM                              0x20000088   Data           2  main.o(.data)
    TempFLTireI                              0x2000008a   Data           2  main.o(.data)
    TempFLCal                                0x2000008c   Data           2  main.o(.data)
    TempFLDisc                               0x2000008e   Data           2  main.o(.data)
    TempFLTireMO                             0x20000090   Data           2  main.o(.data)
    TempFLTireMI                             0x20000092   Data           2  main.o(.data)
    TempFRTireMO                             0x20000094   Data           2  main.o(.data)
    TempFRTireMI                             0x20000096   Data           2  main.o(.data)
    TempRLTireMO                             0x20000098   Data           2  main.o(.data)
    TempRLTireMI                             0x2000009a   Data           2  main.o(.data)
    TempRRTireMO                             0x2000009c   Data           2  main.o(.data)
    TempRRTireMI                             0x2000009e   Data           2  main.o(.data)
    Termopar_A                               0x200000a0   Data           2  main.o(.data)
    Termopar_B                               0x200000a2   Data           2  main.o(.data)
    Termopar_C                               0x200000a4   Data           2  main.o(.data)
    Termopar_D                               0x200000a6   Data           2  main.o(.data)
    Termopar_E                               0x200000a8   Data           2  main.o(.data)
    Termopar_F                               0x200000aa   Data           2  main.o(.data)
    Termopar_G                               0x200000ac   Data           2  main.o(.data)
    Termopar_H                               0x200000ae   Data           2  main.o(.data)
    Termopar_I                               0x200000b0   Data           2  main.o(.data)
    Termopar_J                               0x200000b2   Data           2  main.o(.data)
    Termopar_K                               0x200000b4   Data           2  main.o(.data)
    Termopar_L                               0x200000b6   Data           2  main.o(.data)
    cellVoltage1                             0x200000b8   Data           2  main.o(.data)
    cellVoltage2                             0x200000ba   Data           2  main.o(.data)
    cellVoltage3                             0x200000bc   Data           2  main.o(.data)
    cellVoltage4                             0x200000be   Data           2  main.o(.data)
    overTime                                 0x200000c0   Data           1  main.o(.data)
    lapTimeMilis                             0x200000c2   Data           2  main.o(.data)
    MOUNT                                    0x200000c4   Data           7  main.o(.data)
    OPEN                                     0x200000cb   Data          16  main.o(.data)
    ADQOK                                    0x200000db   Data           1  main.o(.data)
    USBRead                                  0x200000dc   Data           1  main.o(.data)
    telemetry_flag                           0x200000dd   Data           1  main.o(.data)
    SCHEDULER                                0x200000e0   Data           4  main.o(.data)
    configADQ                                0x200000e4   Data           4  main.o(.data)
    time                                     0x200000e8   Data           4  main.o(.data)
    RPMTARGET                                0x200000ec   Data           2  main.o(.data)
    LCSMAXSPEED                              0x200000f0   Data           4  main.o(.data)
    kp                                       0x200000f4   Data           4  main.o(.data)
    ki                                       0x200000f8   Data           4  main.o(.data)
    kd                                       0x200000fc   Data           4  main.o(.data)
    LCS_ON_OFF                               0x20000100   Data           1  main.o(.data)
    shift_cut                                0x20000102   Data           2  main.o(.data)
    shift_up                                 0x20000104   Data           2  main.o(.data)
    GEAR_UP_TIME_1                           0x20000106   Data           2  main.o(.data)
    GEAR_UP_TIME_2                           0x20000108   Data           2  main.o(.data)
    SPARK_CUT_TIME_1                         0x2000010a   Data           2  main.o(.data)
    SPARK_CUT_TIME_2                         0x2000010c   Data           2  main.o(.data)
    FTS_ON_OFF                               0x2000010e   Data           1  main.o(.data)
    BB_ON_OFF                                0x2000010f   Data           1  main.o(.data)
    RPM12                                    0x20000110   Data           2  main.o(.data)
    RPM23                                    0x20000112   Data           2  main.o(.data)
    RPM34                                    0x20000114   Data           2  main.o(.data)
    AS_ON_OFF                                0x20000116   Data           1  main.o(.data)
    fres                                     0x20000117   Data           1  main.o(.data)
    GEAR                                     0x20000118   Data           1  main.o(.data)
    speedRR_p                                0x2000011a   Data           2  main.o(.data)
    speedRL_p                                0x2000011c   Data           2  main.o(.data)
    speedFR_p                                0x2000011e   Data           2  main.o(.data)
    speedFL_p                                0x20000120   Data           2  main.o(.data)
    BB_Position                              0x20000122   Data           2  main.o(.data)
    BB_Target                                0x20000124   Data           2  main.o(.data)
    configFront                              0x20000126   Data           8  main.o(.data)
    configRear                               0x2000012e   Data           6  main.o(.data)
    configESW                                0x20000134   Data           6  main.o(.data)
    LastLapTick                              0x2000013c   Data           4  stm32fxxx_it.o(.data)
    LapTime                                  0x20000140   Data           4  stm32fxxx_it.o(.data)
    SystemCoreClock                          0x2000015c   Data           4  system_stm32f4xx.o(.data)
    i                                        0x20000168   Data           1  funciones.o(.data)
    LaserOnESW                               0x20000169   Data           1  funciones.o(.data)
    BeaconConfirmed                          0x2000016a   Data           1  funciones.o(.data)
    TC_Combustions                           0x20000170   Data           2  funciones.o(.data)
    TimeToStartDN                            0x20000172   Data           2  funciones.o(.data)
    TimeToHoldDN                             0x20000174   Data           2  funciones.o(.data)
    CounterStrike                            0x20000176   Data           2  funciones.o(.data)
    SR_target                                0x2000017c   Data           4  funciones.o(.data)
    GPS_RawData                              0x20000188   Data           8  funciones.o(.data)
    ShiftUP_ON                               0x20000190   Data           1  tc.o(.data)
    ShiftDN_ON                               0x20000191   Data           1  tc.o(.data)
    TC_CUT_ON                                0x20000192   Data           1  tc.o(.data)
    FTS_delay_ON                             0x20000193   Data           1  tc.o(.data)
    shift_up_req                             0x20000194   Data           1  tc.o(.data)
    shift_dn_req                             0x20000195   Data           1  tc.o(.data)
    TC_req                                   0x20000196   Data           1  tc.o(.data)
    TC_ON_OFF                                0x20000197   Data           1  tc.o(.data)
    SR_req                                   0x20000198   Data           2  tc.o(.data)
    SR_Raw                                   0x2000019a   Data           2  tc.o(.data)
    cut_time                                 0x2000019c   Data           4  tc.o(.data)
    TC_cut_time_req                          0x200001a0   Data           4  tc.o(.data)
    TC_flag                                  0x200001a4   Data           1  tc.o(.data)
    USBH_msc                                 0x200001a8   Data          32  usbh_msc.o(.data)
    FATFS_LowLevelDrivers                    0x200001c8   Data         180  diskio.o(.data)
    __stdout                                 0x20000280   Data           4  stdout.o(.data)
    __microlib_freelist                      0x20000284   Data           4  mvars.o(.data)
    __microlib_freelist_initialised          0x20000288   Data           4  mvars.o(.data)
    hUSBHost_FS                              0x200002f4   Data         928  tm_stm32_usb_host.o(.bss)
    htim3                                    0x20000694   Data          60  main.o(.bss)
    hcan2                                    0x200006d0   Data          64  main.o(.bss)
    RxMessage                                0x20000710   Data          36  main.o(.bss)
    TxMessage                                0x20000734   Data          28  main.o(.bss)
    htim5                                    0x20000750   Data          60  main.o(.bss)
    ahus                                     0x2000078c   Data         456  main.o(.bss)
    BUFF                                     0x20000954   Data        4104  main.o(.bss)
    GPS                                      0x2000195c   Data          44  main.o(.bss)
    hcan2Filter                              0x20001988   Data          40  main.o(.bss)
    huart3                                   0x200019b0   Data          68  main.o(.bss)
    huart2                                   0x200019f4   Data          68  main.o(.bss)
    htim4                                    0x20001a38   Data          60  main.o(.bss)
    htim6                                    0x20001a74   Data          60  main.o(.bss)
    ahus2                                    0x20001ab0   Data         456  main.o(.bss)
    FATFS_USB_FS                             0x20001c78   Data         584  main.o(.bss)
    fil                                      0x20001ec0   Data         600  main.o(.bss)
    RTCD                                     0x20002118   Data          16  main.o(.bss)
    IMU                                      0x20002128   Data          28  main.o(.bss)
    hhcd_FS                                  0x20002584   Data         664  usbh_conf.o(.bss)
    __heap_base                              0x200028e0   Data           0  startup_stm32f446xx.o(HEAP)
    __heap_limit                             0x200098e0   Data           0  startup_stm32f446xx.o(HEAP)
    __initial_sp                             0x2001e8e0   Data           0  startup_stm32f446xx.o(STACK)



==============================================================================

Memory Map of the image

  Image Entry point : 0x080001c5

  Load Region LR_IROM1 (Base: 0x08000000, Size: 0x0001890c, Max: 0x00080000, ABSOLUTE, COMPRESSED[0x00018740])

    Execution Region ER_IROM1 (Exec base: 0x08000000, Load base: 0x08000000, Size: 0x00018680, Max: 0x00080000, ABSOLUTE)

    Exec Addr    Load Addr    Size         Type   Attr      Idx    E Section Name        Object

    0x08000000   0x08000000   0x000001c4   Data   RO            3    RESET               startup_stm32f446xx.o
    0x080001c4   0x080001c4   0x00000000   Code   RO         2548  * .ARM.Collect$$$$00000000  mc_w.l(entry.o)
    0x080001c4   0x080001c4   0x00000004   Code   RO         2864    .ARM.Collect$$$$00000001  mc_w.l(entry2.o)
    0x080001c8   0x080001c8   0x00000004   Code   RO         2867    .ARM.Collect$$$$00000004  mc_w.l(entry5.o)
    0x080001cc   0x080001cc   0x00000000   Code   RO         2869    .ARM.Collect$$$$00000008  mc_w.l(entry7b.o)
    0x080001cc   0x080001cc   0x00000000   Code   RO         2871    .ARM.Collect$$$$0000000A  mc_w.l(entry8b.o)
    0x080001cc   0x080001cc   0x00000008   Code   RO         2872    .ARM.Collect$$$$0000000B  mc_w.l(entry9a.o)
    0x080001d4   0x080001d4   0x00000000   Code   RO         2874    .ARM.Collect$$$$0000000D  mc_w.l(entry10a.o)
    0x080001d4   0x080001d4   0x00000000   Code   RO         2876    .ARM.Collect$$$$0000000F  mc_w.l(entry11a.o)
    0x080001d4   0x080001d4   0x00000004   Code   RO         2865    .ARM.Collect$$$$00002712  mc_w.l(entry2.o)
    0x080001d8   0x080001d8   0x00000024   Code   RO            4    .text               startup_stm32f446xx.o
    0x080001fc   0x080001fc   0x00000170   Code   RO           13    .text               stm32f4xx_hal.o
    0x0800036c   0x0800036c   0x00000c18   Code   RO          262    .text               stm32f4xx_hal_can.o
    0x08000f84   0x08000f84   0x00000238   Code   RO          286    .text               stm32f4xx_hal_cortex.o
    0x080011bc   0x080011bc   0x000005bc   Code   RO          338    .text               stm32f4xx_hal_dma.o
    0x08001778   0x08001778   0x000003b4   Code   RO          405    .text               stm32f4xx_hal_gpio.o
    0x08001b2c   0x08001b2c   0x00000994   Code   RO          429    .text               stm32f4xx_hal_hcd.o
    0x080024c0   0x080024c0   0x000001e0   Code   RO          501    .text               stm32f4xx_hal_pwr.o
    0x080026a0   0x080026a0   0x00000348   Code   RO          525    .text               stm32f4xx_hal_pwr_ex.o
    0x080029e8   0x080029e8   0x0000093c   Code   RO          549    .text               stm32f4xx_hal_rcc.o
    0x08003324   0x08003324   0x00000edc   Code   RO          577    .text               stm32f4xx_hal_rcc_ex.o
    0x08004200   0x08004200   0x00000a0c   Code   RO          601    .text               stm32f4xx_hal_rtc.o
    0x08004c0c   0x08004c0c   0x00000b9e   Code   RO          626    .text               stm32f4xx_hal_rtc_ex.o
    0x080057aa   0x080057aa   0x00000002   PAD
    0x080057ac   0x080057ac   0x00002224   Code   RO          650    .text               stm32f4xx_hal_tim.o
    0x080079d0   0x080079d0   0x00000af8   Code   RO          675    .text               stm32f4xx_hal_tim_ex.o
    0x080084c8   0x080084c8   0x00000c56   Code   RO          723    .text               stm32f4xx_hal_usart.o
    0x0800911e   0x0800911e   0x00000002   PAD
    0x08009120   0x08009120   0x000012c4   Code   RO          747    .text               stm32f4xx_ll_usb.o
    0x0800a3e4   0x0800a3e4   0x000001d0   Code   RO          962    .text               tm_stm32_delay.o
    0x0800a5b4   0x0800a5b4   0x00000300   Code   RO         1121    .text               tm_stm32_gpio.o
    0x0800a8b4   0x0800a8b4   0x0000008c   Code   RO         1206    .text               tm_stm32_rcc.o
    0x0800a940   0x0800a940   0x00000984   Code   RO         1230    .text               tm_stm32_rtc.o
    0x0800b2c4   0x0800b2c4   0x000000b0   Code   RO         1289    .text               tm_stm32_usb.o
    0x0800b374   0x0800b374   0x000000fc   Code   RO         1405    .text               tm_stm32_usb_host.o
    0x0800b470   0x0800b470   0x00000050   Code   RO         1436    .text               tm_stm32_usb_host_msc.o
    0x0800b4c0   0x0800b4c0   0x0000012c   Code   RO         1482    .text               main.o
    0x0800b5ec   0x0800b5ec   0x00000278   Code   RO         1750    .text               stm32fxxx_it.o
    0x0800b864   0x0800b864   0x000000d8   Code   RO         1835    .text               system_stm32f4xx.o
    0x0800b93c   0x0800b93c   0x0000031c   Code   RO         1866    .text               stm32f4xx_hal_msp.o
    0x0800bc58   0x0800bc58   0x00000558   Code   RO         1890    .text               config.o
    0x0800c1b0   0x0800c1b0   0x00001d28   Code   RO         1919    .text               funciones.o
    0x0800ded8   0x0800ded8   0x000001d8   Code   RO         1952    .text               usbfunc.o
    0x0800e0b0   0x0800e0b0   0x00000328   Code   RO         1976    .text               ale_buffer.o
    0x0800e3d8   0x0800e3d8   0x00000178   Code   RO         1995    .text               ale_gpio_f4.o
    0x0800e550   0x0800e550   0x0000039c   Code   RO         2060    .text               ale_usart_f4.o
    0x0800e8ec   0x0800e8ec   0x00000034   Code   RO         2085    .text               crc.o
    0x0800e920   0x0800e920   0x00000174   Code   RO         2106    .text               packet.o
    0x0800ea94   0x0800ea94   0x00000440   Code   RO         2142    .text               tc.o
    0x0800eed4   0x0800eed4   0x000001bc   Code   RO         2173    .text               usbh_conf.o
    0x0800f090   0x0800f090   0x000009a8   Code   RO         2200    .text               usbh_core.o
    0x0800fa38   0x0800fa38   0x00000494   Code   RO         2225    .text               usbh_ctlreq.o
    0x0800fecc   0x0800fecc   0x00000166   Code   RO         2250    .text               usbh_ioreq.o
    0x08010032   0x08010032   0x00000076   Code   RO         2277    .text               usbh_pipes.o
    0x080100a8   0x080100a8   0x00000a68   Code   RO         2301    .text               usbh_msc.o
    0x08010b10   0x08010b10   0x0000025c   Code   RO         2338    .text               usbh_msc_bot.o
    0x08010d6c   0x08010d6c   0x00000354   Code   RO         2370    .text               usbh_msc_scsi.o
    0x080110c0   0x080110c0   0x00000158   Code   RO         2398    .text               diskio.o
    0x08011218   0x08011218   0x00005530   Code   RO         2437    .text               ff.o
    0x08016748   0x08016748   0x00000008   Code   RO         2458    .text               syscall.o
    0x08016750   0x08016750   0x00000094   Code   RO         2479    .text               unicode.o
    0x080167e4   0x080167e4   0x00000274   Code   RO         2499    .text               fatfs_usb.o
    0x08016a58   0x08016a58   0x00000062   Code   RO         2551    .text               mc_w.l(uldiv.o)
    0x08016aba   0x08016aba   0x0000001e   Code   RO         2553    .text               mc_w.l(llshl.o)
    0x08016ad8   0x08016ad8   0x00000020   Code   RO         2555    .text               mc_w.l(llushr.o)
    0x08016af8   0x08016af8   0x00000024   Code   RO         2557    .text               mc_w.l(memcpya.o)
    0x08016b1c   0x08016b1c   0x00000024   Code   RO         2559    .text               mc_w.l(memseta.o)
    0x08016b40   0x08016b40   0x000000e4   Code   RO         2856    .text               mf_w.l(dmul.o)
    0x08016c24   0x08016c24   0x00000026   Code   RO         2862    .text               mf_w.l(f2d.o)
    0x08016c4a   0x08016c4a   0x0000002c   Code   RO         2879    .text               mc_w.l(uidiv.o)
    0x08016c76   0x08016c76   0x00000000   Code   RO         2883    .text               mc_w.l(iusefp.o)
    0x08016c76   0x08016c76   0x000000ba   Code   RO         2884    .text               mf_w.l(depilogue.o)
    0x08016d30   0x08016d30   0x0000014e   Code   RO         2886    .text               mf_w.l(dadd.o)
    0x08016e7e   0x08016e7e   0x000000de   Code   RO         2888    .text               mf_w.l(ddiv.o)
    0x08016f5c   0x08016f5c   0x00000030   Code   RO         2890    .text               mf_w.l(dfixul.o)
    0x08016f8c   0x08016f8c   0x00000030   Code   RO         2892    .text               mf_w.l(cdrcmple.o)
    0x08016fbc   0x08016fbc   0x00000024   Code   RO         2894    .text               mc_w.l(init.o)
    0x08016fe0   0x08016fe0   0x00000024   Code   RO         2896    .text               mc_w.l(llsshr.o)
    0x08017004   0x08017004   0x00000056   Code   RO         2906    .text               mc_w.l(__dczerorl2.o)
    0x0801705a   0x0801705a   0x00000002   PAD
    0x0801705c   0x0801705c   0x00000020   Code   RO         2800    i.__0printf         mc_w.l(printfa.o)
    0x0801707c   0x0801707c   0x00000028   Code   RO         2802    i.__0sprintf        mc_w.l(printfa.o)
    0x080170a4   0x080170a4   0x0000000e   Code   RO         2900    i.__scatterload_copy  mc_w.l(handlers.o)
    0x080170b2   0x080170b2   0x00000002   Code   RO         2901    i.__scatterload_null  mc_w.l(handlers.o)
    0x080170b4   0x080170b4   0x0000000e   Code   RO         2902    i.__scatterload_zeroinit  mc_w.l(handlers.o)
    0x080170c2   0x080170c2   0x00000002   PAD
    0x080170c4   0x080170c4   0x00000184   Code   RO         2807    i._fp_digits        mc_w.l(printfa.o)
    0x08017248   0x08017248   0x000006dc   Code   RO         2808    i._printf_core      mc_w.l(printfa.o)
    0x08017924   0x08017924   0x00000024   Code   RO         2809    i._printf_post_padding  mc_w.l(printfa.o)
    0x08017948   0x08017948   0x0000002e   Code   RO         2810    i._printf_pre_padding  mc_w.l(printfa.o)
    0x08017976   0x08017976   0x0000000a   Code   RO         2812    i._sputc            mc_w.l(printfa.o)
    0x08017980   0x08017980   0x00000050   Code   RO         2828    i.free              mc_w.l(malloc.o)
    0x080179d0   0x080179d0   0x0000006c   Code   RO         2829    i.malloc            mc_w.l(malloc.o)
    0x08017a3c   0x08017a3c   0x00000008   Data   RO          339    .constdata          stm32f4xx_hal_dma.o
    0x08017a44   0x08017a44   0x00000010   Data   RO          550    .constdata          stm32f4xx_hal_rcc.o
    0x08017a54   0x08017a54   0x00000010   Data   RO         1836    .constdata          system_stm32f4xx.o
    0x08017a64   0x08017a64   0x00000200   Data   RO         2086    .constdata          crc.o
    0x08017c64   0x08017c64   0x00000018   Data   RO         2143    .constdata          tc.o
    0x08017c7c   0x08017c7c   0x000000e0   Data   RO         2439    .constdata          ff.o
    0x08017d5c   0x08017d5c   0x000008b8   Data   RO         2480    .constdata          unicode.o
    0x08018614   0x08018614   0x00000004   Data   RO         2302    .conststring        usbh_msc.o
    0x08018618   0x08018618   0x00000046   Data   RO         2440    .conststring        ff.o
    0x0801865e   0x0801865e   0x00000002   PAD
    0x08018660   0x08018660   0x00000020   Data   RO         2898    Region$$Table       anon$$obj.o


    Execution Region RW_IRAM1 (Exec base: 0x20000000, Load base: 0x08018680, Size: 0x0001e8e0, Max: 0x00020000, ABSOLUTE, COMPRESSED[0x000000c0])

    Exec Addr    Load Addr    Size         Type   Attr      Idx    E Section Name        Object

    0x20000000   COMPRESSED   0x00000004   Data   RW           14    .data               stm32f4xx_hal.o
    0x20000004   COMPRESSED   0x00000004   Data   RW          748    .data               stm32f4xx_ll_usb.o
    0x20000008   COMPRESSED   0x00000008   Data   RW          964    .data               tm_stm32_delay.o
    0x20000010   COMPRESSED   0x0000001c   Data   RW         1232    .data               tm_stm32_rtc.o
    0x2000002c   COMPRESSED   0x00000010   Data   RW         1407    .data               tm_stm32_usb_host.o
    0x2000003c   COMPRESSED   0x00000002   Data   RW         1497    .data               main.o
    0x2000003e   COMPRESSED   0x00000002   Data   RW         1498    .data               main.o
    0x20000040   COMPRESSED   0x00000002   Data   RW         1499    .data               main.o
    0x20000042   COMPRESSED   0x00000002   Data   RW         1500    .data               main.o
    0x20000044   COMPRESSED   0x00000002   Data   RW         1501    .data               main.o
    0x20000046   COMPRESSED   0x00000002   Data   RW         1502    .data               main.o
    0x20000048   COMPRESSED   0x00000002   Data   RW         1503    .data               main.o
    0x2000004a   COMPRESSED   0x00000002   Data   RW         1504    .data               main.o
    0x2000004c   COMPRESSED   0x00000002   Data   RW         1505    .data               main.o
    0x2000004e   COMPRESSED   0x00000002   Data   RW         1506    .data               main.o
    0x20000050   COMPRESSED   0x00000002   Data   RW         1507    .data               main.o
    0x20000052   COMPRESSED   0x00000001   Data   RW         1508    .data               main.o
    0x20000053   COMPRESSED   0x00000001   PAD
    0x20000054   COMPRESSED   0x00000002   Data   RW         1510    .data               main.o
    0x20000056   COMPRESSED   0x00000002   Data   RW         1511    .data               main.o
    0x20000058   COMPRESSED   0x00000002   Data   RW         1512    .data               main.o
    0x2000005a   COMPRESSED   0x00000002   Data   RW         1513    .data               main.o
    0x2000005c   COMPRESSED   0x00000004   Data   RW         1514    .data               main.o
    0x20000060   COMPRESSED   0x00000002   Data   RW         1515    .data               main.o
    0x20000062   COMPRESSED   0x00000002   Data   RW         1516    .data               main.o
    0x20000064   COMPRESSED   0x00000002   Data   RW         1517    .data               main.o
    0x20000066   COMPRESSED   0x00000002   Data   RW         1518    .data               main.o
    0x20000068   COMPRESSED   0x00000002   Data   RW         1519    .data               main.o
    0x2000006a   COMPRESSED   0x00000002   Data   RW         1520    .data               main.o
    0x2000006c   COMPRESSED   0x00000002   Data   RW         1521    .data               main.o
    0x2000006e   COMPRESSED   0x00000002   Data   RW         1522    .data               main.o
    0x20000070   COMPRESSED   0x00000002   Data   RW         1523    .data               main.o
    0x20000072   COMPRESSED   0x00000002   Data   RW         1524    .data               main.o
    0x20000074   COMPRESSED   0x00000002   Data   RW         1525    .data               main.o
    0x20000076   COMPRESSED   0x00000002   Data   RW         1526    .data               main.o
    0x20000078   COMPRESSED   0x00000002   Data   RW         1527    .data               main.o
    0x2000007a   COMPRESSED   0x00000002   Data   RW         1528    .data               main.o
    0x2000007c   COMPRESSED   0x00000002   Data   RW         1529    .data               main.o
    0x2000007e   COMPRESSED   0x00000002   Data   RW         1530    .data               main.o
    0x20000080   COMPRESSED   0x00000002   Data   RW         1531    .data               main.o
    0x20000082   COMPRESSED   0x00000002   Data   RW         1532    .data               main.o
    0x20000084   COMPRESSED   0x00000002   Data   RW         1533    .data               main.o
    0x20000086   COMPRESSED   0x00000002   Data   RW         1534    .data               main.o
    0x20000088   COMPRESSED   0x00000002   Data   RW         1535    .data               main.o
    0x2000008a   COMPRESSED   0x00000002   Data   RW         1536    .data               main.o
    0x2000008c   COMPRESSED   0x00000002   Data   RW         1537    .data               main.o
    0x2000008e   COMPRESSED   0x00000002   Data   RW         1538    .data               main.o
    0x20000090   COMPRESSED   0x00000002   Data   RW         1539    .data               main.o
    0x20000092   COMPRESSED   0x00000002   Data   RW         1540    .data               main.o
    0x20000094   COMPRESSED   0x00000002   Data   RW         1541    .data               main.o
    0x20000096   COMPRESSED   0x00000002   Data   RW         1542    .data               main.o
    0x20000098   COMPRESSED   0x00000002   Data   RW         1543    .data               main.o
    0x2000009a   COMPRESSED   0x00000002   Data   RW         1544    .data               main.o
    0x2000009c   COMPRESSED   0x00000002   Data   RW         1545    .data               main.o
    0x2000009e   COMPRESSED   0x00000002   Data   RW         1546    .data               main.o
    0x200000a0   COMPRESSED   0x00000002   Data   RW         1553    .data               main.o
    0x200000a2   COMPRESSED   0x00000002   Data   RW         1554    .data               main.o
    0x200000a4   COMPRESSED   0x00000002   Data   RW         1555    .data               main.o
    0x200000a6   COMPRESSED   0x00000002   Data   RW         1556    .data               main.o
    0x200000a8   COMPRESSED   0x00000002   Data   RW         1557    .data               main.o
    0x200000aa   COMPRESSED   0x00000002   Data   RW         1558    .data               main.o
    0x200000ac   COMPRESSED   0x00000002   Data   RW         1559    .data               main.o
    0x200000ae   COMPRESSED   0x00000002   Data   RW         1560    .data               main.o
    0x200000b0   COMPRESSED   0x00000002   Data   RW         1561    .data               main.o
    0x200000b2   COMPRESSED   0x00000002   Data   RW         1562    .data               main.o
    0x200000b4   COMPRESSED   0x00000002   Data   RW         1563    .data               main.o
    0x200000b6   COMPRESSED   0x00000002   Data   RW         1564    .data               main.o
    0x200000b8   COMPRESSED   0x00000002   Data   RW         1565    .data               main.o
    0x200000ba   COMPRESSED   0x00000002   Data   RW         1566    .data               main.o
    0x200000bc   COMPRESSED   0x00000002   Data   RW         1567    .data               main.o
    0x200000be   COMPRESSED   0x00000002   Data   RW         1568    .data               main.o
    0x200000c0   COMPRESSED   0x00000001   Data   RW         1569    .data               main.o
    0x200000c1   COMPRESSED   0x00000001   PAD
    0x200000c2   COMPRESSED   0x00000002   Data   RW         1570    .data               main.o
    0x200000c4   COMPRESSED   0x00000007   Data   RW         1571    .data               main.o
    0x200000cb   COMPRESSED   0x00000010   Data   RW         1572    .data               main.o
    0x200000db   COMPRESSED   0x00000001   Data   RW         1574    .data               main.o
    0x200000dc   COMPRESSED   0x0000000c   Data   RW         1575    .data               main.o
    0x200000e8   COMPRESSED   0x00000004   Data   RW         1577    .data               main.o
    0x200000ec   COMPRESSED   0x00000002   Data   RW         1579    .data               main.o
    0x200000ee   COMPRESSED   0x00000002   PAD
    0x200000f0   COMPRESSED   0x00000004   Data   RW         1580    .data               main.o
    0x200000f4   COMPRESSED   0x00000004   Data   RW         1581    .data               main.o
    0x200000f8   COMPRESSED   0x00000004   Data   RW         1582    .data               main.o
    0x200000fc   COMPRESSED   0x00000004   Data   RW         1583    .data               main.o
    0x20000100   COMPRESSED   0x00000001   Data   RW         1584    .data               main.o
    0x20000101   COMPRESSED   0x00000001   PAD
    0x20000102   COMPRESSED   0x00000002   Data   RW         1586    .data               main.o
    0x20000104   COMPRESSED   0x00000002   Data   RW         1587    .data               main.o
    0x20000106   COMPRESSED   0x00000002   Data   RW         1590    .data               main.o
    0x20000108   COMPRESSED   0x00000002   Data   RW         1591    .data               main.o
    0x2000010a   COMPRESSED   0x00000002   Data   RW         1592    .data               main.o
    0x2000010c   COMPRESSED   0x00000002   Data   RW         1593    .data               main.o
    0x2000010e   COMPRESSED   0x00000001   Data   RW         1594    .data               main.o
    0x2000010f   COMPRESSED   0x00000001   Data   RW         1595    .data               main.o
    0x20000110   COMPRESSED   0x00000002   Data   RW         1596    .data               main.o
    0x20000112   COMPRESSED   0x00000002   Data   RW         1597    .data               main.o
    0x20000114   COMPRESSED   0x00000002   Data   RW         1598    .data               main.o
    0x20000116   COMPRESSED   0x00000001   Data   RW         1599    .data               main.o
    0x20000117   COMPRESSED   0x00000001   Data   RW         1604    .data               main.o
    0x20000118   COMPRESSED   0x00000001   Data   RW         1605    .data               main.o
    0x20000119   COMPRESSED   0x00000001   PAD
    0x2000011a   COMPRESSED   0x00000002   Data   RW         1606    .data               main.o
    0x2000011c   COMPRESSED   0x00000002   Data   RW         1607    .data               main.o
    0x2000011e   COMPRESSED   0x00000002   Data   RW         1608    .data               main.o
    0x20000120   COMPRESSED   0x00000002   Data   RW         1609    .data               main.o
    0x20000122   COMPRESSED   0x00000002   Data   RW         1612    .data               main.o
    0x20000124   COMPRESSED   0x00000002   Data   RW         1613    .data               main.o
    0x20000126   COMPRESSED   0x00000008   Data   RW         1614    .data               main.o
    0x2000012e   COMPRESSED   0x00000006   Data   RW         1615    .data               main.o
    0x20000134   COMPRESSED   0x00000006   Data   RW         1616    .data               main.o
    0x2000013a   COMPRESSED   0x00000002   PAD
    0x2000013c   COMPRESSED   0x00000020   Data   RW         1751    .data               stm32fxxx_it.o
    0x2000015c   COMPRESSED   0x00000004   Data   RW         1837    .data               system_stm32f4xx.o
    0x20000160   COMPRESSED   0x00000008   Data   RW         1891    .data               config.o
    0x20000168   COMPRESSED   0x00000028   Data   RW         1920    .data               funciones.o
    0x20000190   COMPRESSED   0x00000014   Data   RW         2145    .data               tc.o
    0x200001a4   COMPRESSED   0x00000001   Data   RW         2146    .data               tc.o
    0x200001a5   COMPRESSED   0x00000003   PAD
    0x200001a8   COMPRESSED   0x00000020   Data   RW         2303    .data               usbh_msc.o
    0x200001c8   COMPRESSED   0x000000b4   Data   RW         2399    .data               diskio.o
    0x2000027c   COMPRESSED   0x00000004   Data   RW         2441    .data               ff.o
    0x20000280   COMPRESSED   0x00000004   Data   RW         2878    .data               mc_w.l(stdout.o)
    0x20000284   COMPRESSED   0x00000004   Data   RW         2881    .data               mc_w.l(mvars.o)
    0x20000288   COMPRESSED   0x00000004   Data   RW         2882    .data               mc_w.l(mvars.o)
    0x2000028c        -       0x00000018   Zero   RW          963    .bss                tm_stm32_delay.o
    0x200002a4        -       0x0000001a   Zero   RW         1122    .bss                tm_stm32_gpio.o
    0x200002be   COMPRESSED   0x00000002   PAD
    0x200002c0        -       0x00000034   Zero   RW         1231    .bss                tm_stm32_rtc.o
    0x200002f4        -       0x000003a0   Zero   RW         1406    .bss                tm_stm32_usb_host.o
    0x20000694        -       0x000012f4   Zero   RW         1483    .bss                main.o
    0x20001988        -       0x00000028   Zero   RW         1484    .bss                main.o
    0x200019b0        -       0x00000044   Zero   RW         1485    .bss                main.o
    0x200019f4        -       0x00000044   Zero   RW         1486    .bss                main.o
    0x20001a38        -       0x0000003c   Zero   RW         1488    .bss                main.o
    0x20001a74        -       0x0000003c   Zero   RW         1489    .bss                main.o
    0x20001ab0        -       0x000001c8   Zero   RW         1490    .bss                main.o
    0x20001c78        -       0x00000248   Zero   RW         1491    .bss                main.o
    0x20001ec0        -       0x00000258   Zero   RW         1493    .bss                main.o
    0x20002118        -       0x00000010   Zero   RW         1494    .bss                main.o
    0x20002128        -       0x0000001c   Zero   RW         1495    .bss                main.o
    0x20002144        -       0x00000440   Zero   RW         2107    .bss                packet.o
    0x20002584        -       0x00000298   Zero   RW         2174    .bss                usbh_conf.o
    0x2000281c        -       0x000000c4   Zero   RW         2438    .bss                ff.o
    0x200028e0        -       0x00007000   Zero   RW            2    HEAP                startup_stm32f446xx.o
    0x200098e0        -       0x00015000   Zero   RW            1    STACK               startup_stm32f446xx.o

