<html>
<body>
<pre>
<h1>µVision Build Log</h1>
<h2>Tool Versions:</h2>
IDE-Version: µVision V5.24.2.0
Copyright (C) 2017 ARM Ltd and ARM Germany GmbH. All rights reserved.
License Information: Alejandro Martinez, UPV, LIC=V85GK-ZYPA3-NT43G-V4CHC-AANN6-92DQT
 
Tool Versions:
Toolchain:       MDK-ARM Professional  Version: 5.24.1
Toolchain Path:  C:\Alex\programas\ARM\ARMCC\Bin
C Compiler:      Armcc.exe V5.06 update 5 (build 528)
Assembler:       Armasm.exe V5.06 update 5 (build 528)
Linker/Locator:  ArmLink.exe V5.06 update 5 (build 528)
Library Manager: ArmAr.exe V5.06 update 5 (build 528)
Hex Converter:   FromElf.exe V5.06 update 5 (build 528)
CPU DLL:         SARMCM3.DLL V5.24.1
Dialog DLL:      DCM.DLL V1.16.0.0
Target DLL:      STLink\ST-LINKIII-KEIL_SWO.dll V3.0.1.0
Dialog DLL:      TCM.DLL V1.32.0.0
 
<h2>Project:</h2>
C:\Alex\UPV\FSUPV\FSUPV TEAM\06\Electronics\Codes\LOCAL\ADQ\ADQ_CAR-master\project.uvprojx
Project File Date:  04/26/2019

<h2>Output:</h2>
*** Using Compiler 'V5.06 update 5 (build 528)', folder: 'C:\Alex\programas\ARM\ARMCC\Bin'
Build target 'STM32F4_DISCOVERY'
compiling tm_stm32_disco.c...
Libraries\00-STM32_LIBRARIES\tm_stm32_disco.c(89): warning:  #61-D: integer operation result is out of range
  	
M_DISCO_LedOff(LED_ALL);
Libraries\00-STM32_LIBRARIES\tm_stm32_disco.c: 1 warning, 0 errors
compiling tm_stm32_delay.c...
compiling tm_stm32_fatfs.c...
Libraries\00-STM32_LIBRARIES\tm_stm32_fatfs.c(255): warning:  #940-D: missing return statement at end of non-void function "scan_files" 
  }
Libraries\00-STM32_LIBRARIES\tm_stm32_fatfs.c: 1 warning, 0 errors
compiling tm_stm32_fonts.c...
compiling tm_stm32_gpio.c...
compiling tm_stm32_i2c.c...
compiling tm_stm32_rcc.c...
compiling tm_stm32_mpu6050.c...
compiling tm_stm32_rtc.c...
compiling tm_stm32_spi.c...
compiling tm_stm32_usb.c...
compiling tm_stm32_buffer.c...
compiling tm_stm32f4_bkpsram.c...
compiling tm_stm32_usb_host.c...
compiling tm_stm32_usb_host_msc.c...
compiling stm32fxxx_it.c...
compiling main.c...
User\main.c(153): warning:  #177-D: variable "cnt2"  was declared but never referenced
  	uint16_t cnt2=0;
User\main.c: 1 warning, 0 errors
compiling Config.c...
compiling USBfunc.c...
User\USBfunc.c(60): warning:  #177-D: variable "lat"  was declared but never referenced
  	int32_t lat=0, lon=0;
User\USBfunc.c(60): warning:  #177-D: variable "lon"  was declared but never referenced
  	int32_t lat=0, lon=0;
User\USBfunc.c: 2 warnings, 0 errors
compiling Funciones.c...
compiling ALE_USART_F4.c...
compiling packet.c...
compiling TC.c...
compiling usbh_conf.c...
compiling usbh_core.c...
compiling usbh_ioreq.c...
compiling usbh_ctlreq.c...
compiling usbh_pipes.c...
compiling usbh_msc.c...
compiling usbh_msc_bot.c...
compiling ff.c...
compiling diskio.c...
compiling usbh_msc_scsi.c...
compiling ff_gen_drv.c...
compiling fatfs_usb.c...
linking...
Program Size: Code=96452 RO-data=3592 RW-data=660 ZI-data=124500  
FromELF: creating hex file...
".\Targets\STM32F4_DISCOVERY\project.axf" - 0 Error(s), 5 Warning(s).

<h2>Software Packages used:</h2>

Package Vendor: Keil
                http://www.keil.com/pack/Keil.STM32F4xx_DFP.2.11.0.pack
                Keil.STM32F4xx_DFP.2.11.0
                STMicroelectronics STM32F4 Series Device Support, Drivers and Examples

<h2>Collection of Component include folders:</h2>
  .\RTE\_STM32F4_DISCOVERY
  C:\Alex\programas\ARM\PACK\Keil\STM32F4xx_DFP\2.11.0\Drivers\CMSIS\Device\ST\STM32F4xx\Include

<h2>Collection of Component Files used:</h2>
Build Time Elapsed:  00:01:02
</pre>
</body>
</html>
